<html>
<body>
<pre>
<h1>礦ision Build Log</h1>
<h2>Tool Versions:</h2>
IDE-Version: μVision V5.25.2.0
Copyright (C) 2018 ARM Ltd and ARM Germany GmbH. All rights reserved.
License Information: Luo As11018, KTC, LIC=P6F5U-S0GPB-WK1B8-3S88L-8BHKD-54EK8
 
Tool Versions:
Toolchain:       MDK-ARM Professional  Version: 5.25.2.0
Toolchain Path:  D:\Keil_v5\ARM\ARMCC\Bin
C Compiler:      Armcc.exe V5.06 update 6 (build 750)
Assembler:       Armasm.exe V5.06 update 6 (build 750)
Linker/Locator:  ArmLink.exe V5.06 update 6 (build 750)
Library Manager: ArmAr.exe V5.06 update 6 (build 750)
Hex Converter:   FromElf.exe V5.06 update 6 (build 750)
CPU DLL:         SARMCM3.DLL V5.25.2.0
Dialog DLL:      DCM.DLL V1.17.1.0
Target DLL:      Segger\JL2CM3.dll V2.99.29.0
Dialog DLL:      TCM.DLL V1.35.1.0
 
<h2>Project:</h2>
E:\项目资料\巴可中性\预研项目\NTP_0620\GD32450Z_EVAL_Demo_Suites\Projects\26_ENET\Projects\Raw_tcpudp\MDK-ARM\Project.uvprojx
Project File Date:  06/20/2024

<h2>Output:</h2>
*** Using Compiler 'V5.06 update 6 (build 750)', folder: 'D:\Keil_v5\ARM\ARMCC\Bin'
Rebuild target 'GD32450Z_EVAL'
compiling gd32f4xx_enet_eval.c...
compiling main.c...
compiling gd32f4xx_it.c...
compiling hello_gigadevice.c...
compiling tcp_client.c...
compiling gd32f4xx_crc.c...
compiling udp_echo.c...
compiling gd32f4xx_can.c...
compiling netconf.c...
compiling udp_ntp.c...
..\src\udp_ntp.c(31): warning:  #550-D: variable "err"  was set but never used
      err_t err;
..\src\udp_ntp.c: 1 warning, 0 errors
compiling gd32f4xx_adc.c...
compiling gd32f4xx_ctc.c...
compiling gd32f4xx_dac.c...
compiling gd32f4xx_dma.c...
compiling gd32f4xx_dci.c...
compiling gd32f4xx_dbg.c...
compiling gd32f4xx_enet.c...
compiling gd32f4xx_exti.c...
compiling gd32f4xx_gpio.c...
compiling gd32f4xx_fwdgt.c...
compiling gd32f4xx_exmc.c...
compiling gd32f4xx_fmc.c...
compiling gd32f4xx_i2c.c...
compiling gd32f4xx_ipa.c...
compiling gd32f4xx_iref.c...
compiling gd32f4xx_misc.c...
compiling gd32f4xx_pmu.c...
compiling gd32f4xx_rcu.c...
compiling gd32f4xx_sdio.c...
compiling gd32f4xx_spi.c...
compiling gd32f4xx_syscfg.c...
compiling gd32f4xx_rtc.c...
compiling gd32f4xx_timer.c...
compiling gd32f4xx_trng.c...
compiling gd32f4xx_tli.c...
compiling api_lib.c...
compiling err.c...
compiling gd32f4xx_wwdgt.c...
compiling gd32f4xx_usart.c...
compiling netbuf.c...
compiling if_api.c...
compiling netdb.c...
compiling api_msg.c...
compiling netifapi.c...
compiling sockets.c...
compiling tcpip.c...
compiling autoip.c...
compiling dhcp.c...
compiling icmp.c...
compiling etharp.c...
compiling igmp.c...
compiling ip4_addr.c...
compiling ip4.c...
compiling altcp.c...
compiling ip4_frag.c...
compiling altcp_tcp.c...
compiling altcp_alloc.c...
compiling def.c...
compiling inet_chksum.c...
compiling dns.c...
compiling init.c...
compiling ip.c...
compiling mem.c...
compiling memp.c...
compiling raw.c...
compiling sys.c...
compiling stats.c...
compiling pbuf.c...
compiling tcp.c...
compiling tcp_in.c...
compiling timeouts.c...
compiling tcp_out.c...
compiling udp.c...
assembling startup_gd32f450_470.s...
compiling ethernet.c...
compiling netif.c...
compiling gd32f450z_eval.c...
compiling system_gd32f4xx.c...
compiling ethernetif.c...
linking...
Program Size: Code=43760 RO-data=1024 RW-data=356 ZI-data=104924  
FromELF: creating hex file...
".\output\GD32450Z_EVAL.axf" - 0 Error(s), 1 Warning(s).

<h2>Software Packages used:</h2>

Package Vendor: GigaDevice
                https://gd32mcu.com/data/documents/pack/GigaDevice.GD32F4xx_DFP.3.0.3.pack
                GigaDevice.GD32F4xx_DFP.3.0.3
                GigaDevice GD32F4xx Series Device Support and Examples

<h2>Collection of Component include folders:</h2>
  .\RTE\_GD32450Z_EVAL
  D:\Keil_v5\ARM\PACK\GigaDevice\GD32F4xx_DFP\3.0.3\Device\F4XX\Include

<h2>Collection of Component Files used:</h2>
Build Time Elapsed:  00:00:17
</pre>
</body>
</html>
