Component: ARM Compiler 5.06 update 6 (build 750) Tool: armlink [4d35ed]

==============================================================================

Section Cross References

    main.o(i.delay_10ms) refers to main.o(.data) for g_localtime
    main.o(i.fputc) refers to gd32f4xx_usart.o(i.usart_data_transmit) for usart_data_transmit
    main.o(i.fputc) refers to gd32f4xx_usart.o(i.usart_flag_get) for usart_flag_get
    main.o(i.main) refers to gd32f450z_eval.o(i.gd_eval_com_init) for gd_eval_com_init
    main.o(i.main) refers to gd32f450z_eval.o(i.gd_eval_key_init) for gd_eval_key_init
    main.o(i.main) refers to gd32f4xx_enet_eval.o(i.enet_system_setup) for enet_system_setup
    main.o(i.main) refers to init.o(i.lwip_init) for lwip_init
    main.o(i.main) refers to netconf.o(i.lwip_stack_init) for lwip_stack_init
    main.o(i.main) refers to udp_ntp.o(i.udp_ntp_init) for udp_ntp_init
    main.o(i.main) refers to gd32f4xx_enet.o(i.enet_rxframe_size_get) for enet_rxframe_size_get
    main.o(i.main) refers to netconf.o(i.lwip_pkt_handle) for lwip_pkt_handle
    main.o(i.main) refers to netconf.o(i.lwip_periodic_handle) for lwip_periodic_handle
    main.o(i.main) refers to main.o(.data) for g_localtime
    main.o(i.time_update) refers to main.o(.data) for g_localtime
    gd32f4xx_it.o(i.EXTI10_15_IRQHandler) refers to gd32f4xx_exti.o(i.exti_interrupt_flag_get) for exti_interrupt_flag_get
    gd32f4xx_it.o(i.EXTI10_15_IRQHandler) refers to gd32f4xx_exti.o(i.exti_interrupt_flag_clear) for exti_interrupt_flag_clear
    gd32f4xx_it.o(i.EXTI10_15_IRQHandler) refers to tcp_client.o(i.tcp_client_init) for tcp_client_init
    gd32f4xx_it.o(i.SysTick_Handler) refers to main.o(i.time_update) for time_update
    gd32f4xx_enet_eval.o(i.enet_gpio_config) refers to gd32f4xx_rcu.o(i.rcu_periph_clock_enable) for rcu_periph_clock_enable
    gd32f4xx_enet_eval.o(i.enet_gpio_config) refers to gd32f4xx_gpio.o(i.gpio_af_set) for gpio_af_set
    gd32f4xx_enet_eval.o(i.enet_gpio_config) refers to gd32f4xx_gpio.o(i.gpio_mode_set) for gpio_mode_set
    gd32f4xx_enet_eval.o(i.enet_gpio_config) refers to gd32f4xx_gpio.o(i.gpio_output_options_set) for gpio_output_options_set
    gd32f4xx_enet_eval.o(i.enet_gpio_config) refers to gd32f4xx_syscfg.o(i.syscfg_enet_phy_interface_config) for syscfg_enet_phy_interface_config
    gd32f4xx_enet_eval.o(i.enet_mac_dma_config) refers to gd32f4xx_rcu.o(i.rcu_periph_clock_enable) for rcu_periph_clock_enable
    gd32f4xx_enet_eval.o(i.enet_mac_dma_config) refers to gd32f4xx_enet.o(i.enet_deinit) for enet_deinit
    gd32f4xx_enet_eval.o(i.enet_mac_dma_config) refers to gd32f4xx_enet.o(i.enet_software_reset) for enet_software_reset
    gd32f4xx_enet_eval.o(i.enet_mac_dma_config) refers to gd32f4xx_enet.o(i.enet_init) for enet_init
    gd32f4xx_enet_eval.o(i.enet_mac_dma_config) refers to gd32f4xx_enet_eval.o(.data) for enet_init_status
    gd32f4xx_enet_eval.o(i.enet_system_setup) refers to gd32f4xx_enet_eval.o(i.enet_gpio_config) for enet_gpio_config
    gd32f4xx_enet_eval.o(i.enet_system_setup) refers to gd32f4xx_enet_eval.o(i.enet_mac_dma_config) for enet_mac_dma_config
    gd32f4xx_enet_eval.o(i.enet_system_setup) refers to gd32f4xx_misc.o(i.systick_clksource_set) for systick_clksource_set
    gd32f4xx_enet_eval.o(i.enet_system_setup) refers to gd32f4xx_rcu.o(i.rcu_clock_freq_get) for rcu_clock_freq_get
    gd32f4xx_enet_eval.o(i.enet_system_setup) refers to gd32f4xx_enet_eval.o(.data) for enet_init_status
    hello_gigadevice.o(i.hello_gigadevice_accept) refers to printf6.o(i.__0printf$6) for __2printf
    hello_gigadevice.o(i.hello_gigadevice_accept) refers to printf6.o(i.__0sprintf$6) for __2sprintf
    hello_gigadevice.o(i.hello_gigadevice_accept) refers to mem.o(i.mem_calloc) for mem_calloc
    hello_gigadevice.o(i.hello_gigadevice_accept) refers to tcp.o(i.tcp_arg) for tcp_arg
    hello_gigadevice.o(i.hello_gigadevice_accept) refers to tcp.o(i.tcp_err) for tcp_err
    hello_gigadevice.o(i.hello_gigadevice_accept) refers to tcp.o(i.tcp_recv) for tcp_recv
    hello_gigadevice.o(i.hello_gigadevice_accept) refers to strlen.o(.text) for strlen
    hello_gigadevice.o(i.hello_gigadevice_accept) refers to tcp_out.o(i.tcp_write) for tcp_write
    hello_gigadevice.o(i.hello_gigadevice_accept) refers to hello_gigadevice.o(.conststring) for .conststring
    hello_gigadevice.o(i.hello_gigadevice_accept) refers to hello_gigadevice.o(i.hello_gigadevice_conn_err) for hello_gigadevice_conn_err
    hello_gigadevice.o(i.hello_gigadevice_accept) refers to hello_gigadevice.o(i.hello_gigadevice_recv) for hello_gigadevice_recv
    hello_gigadevice.o(i.hello_gigadevice_accept) refers to gd32f4xx_enet_eval.o(.constdata) for gd32_str
    hello_gigadevice.o(i.hello_gigadevice_conn_err) refers to mem.o(i.mem_free) for mem_free
    hello_gigadevice.o(i.hello_gigadevice_init) refers to tcp.o(i.tcp_new) for tcp_new
    hello_gigadevice.o(i.hello_gigadevice_init) refers to tcp.o(i.tcp_bind) for tcp_bind
[...]
    _printf_c                                0x00000000   Number         0  stubs.o ABSOLUTE
    _printf_charcount                        0x00000000   Number         0  stubs.o ABSOLUTE
    _printf_d                                0x00000000   Number         0  stubs.o ABSOLUTE
    _printf_e                                0x00000000   Number         0  stubs.o ABSOLUTE
    _printf_f                                0x00000000   Number         0  stubs.o ABSOLUTE
    _printf_flags                            0x00000000   Number         0  stubs.o ABSOLUTE
    _printf_fp_dec                           0x00000000   Number         0  stubs.o ABSOLUTE
    _printf_fp_hex                           0x00000000   Number         0  stubs.o ABSOLUTE
    _printf_g                                0x00000000   Number         0  stubs.o ABSOLUTE
    _printf_i                                0x00000000   Number         0  stubs.o ABSOLUTE
    _printf_int_dec                          0x00000000   Number         0  stubs.o ABSOLUTE
    _printf_l                                0x00000000   Number         0  stubs.o ABSOLUTE
    _printf_lc                               0x00000000   Number         0  stubs.o ABSOLUTE
    _printf_ll                               0x00000000   Number         0  stubs.o ABSOLUTE
    _printf_lld                              0x00000000   Number         0  stubs.o ABSOLUTE
    _printf_lli                              0x00000000   Number         0  stubs.o ABSOLUTE
    _printf_llo                              0x00000000   Number         0  stubs.o ABSOLUTE
    _printf_llu                              0x00000000   Number         0  stubs.o ABSOLUTE
    _printf_llx                              0x00000000   Number         0  stubs.o ABSOLUTE
    _printf_longlong_dec                     0x00000000   Number         0  stubs.o ABSOLUTE
    _printf_longlong_hex                     0x00000000   Number         0  stubs.o ABSOLUTE
    _printf_longlong_oct                     0x00000000   Number         0  stubs.o ABSOLUTE
    _printf_ls                               0x00000000   Number         0  stubs.o ABSOLUTE
    _printf_mbtowc                           0x00000000   Number         0  stubs.o ABSOLUTE
    _printf_n                                0x00000000   Number         0  stubs.o ABSOLUTE
    _printf_o                                0x00000000   Number         0  stubs.o ABSOLUTE
    _printf_p                                0x00000000   Number         0  stubs.o ABSOLUTE
    _printf_percent                          0x00000000   Number         0  stubs.o ABSOLUTE
    _printf_pre_padding                      0x00000000   Number         0  stubs.o ABSOLUTE
    _printf_return_value                     0x00000000   Number         0  stubs.o ABSOLUTE
    _printf_s                                0x00000000   Number         0  stubs.o ABSOLUTE
    _printf_sizespec                         0x00000000   Number         0  stubs.o ABSOLUTE
    _printf_str                              0x00000000   Number         0  stubs.o ABSOLUTE
    _printf_truncate_signed                  0x00000000   Number         0  stubs.o ABSOLUTE
    _printf_truncate_unsigned                0x00000000   Number         0  stubs.o ABSOLUTE
    _printf_u                                0x00000000   Number         0  stubs.o ABSOLUTE
    _printf_wc                               0x00000000   Number         0  stubs.o ABSOLUTE
    _printf_wctomb                           0x00000000   Number         0  stubs.o ABSOLUTE
    _printf_widthprec                        0x00000000   Number         0  stubs.o ABSOLUTE
    _printf_x                                0x00000000   Number         0  stubs.o ABSOLUTE
    __cpp_initialize__aeabi_                  - Undefined Weak Reference
    __cxa_finalize                            - Undefined Weak Reference
    _clock_init                               - Undefined Weak Reference
    _microlib_exit                            - Undefined Weak Reference
    __Vectors_Size                           0x000001ac   Number         0  startup_gd32f450_470.o ABSOLUTE
    __Vectors                                0x08000000   Data           4  startup_gd32f450_470.o(RESET)
    __Vectors_End                            0x080001ac   Data           0  startup_gd32f450_470.o(RESET)
    __main                                   0x080001ad   Thumb Code     0  entry.o(.ARM.Collect$$$$00000000)
    _main_stk                                0x080001ad   Thumb Code     0  entry2.o(.ARM.Collect$$$$00000001)
    _main_scatterload                        0x080001b1   Thumb Code     0  entry5.o(.ARM.Collect$$$$00000004)
    __main_after_scatterload                 0x080001b5   Thumb Code     0  entry5.o(.ARM.Collect$$$$00000004)
    _main_clock                              0x080001b5   Thumb Code     0  entry7b.o(.ARM.Collect$$$$00000008)
    _main_cpp_init                           0x080001b5   Thumb Code     0  entry8b.o(.ARM.Collect$$$$0000000A)
    _main_init                               0x080001b5   Thumb Code     0  entry9a.o(.ARM.Collect$$$$0000000B)
    __rt_final_cpp                           0x080001bd   Thumb Code     0  entry10a.o(.ARM.Collect$$$$0000000D)
    __rt_final_exit                          0x080001bd   Thumb Code     0  entry11a.o(.ARM.Collect$$$$0000000F)
    Reset_Handler                            0x080001c1   Thumb Code     8  startup_gd32f450_470.o(.text)
    ADC_IRQHandler                           0x080001db   Thumb Code     0  startup_gd32f450_470.o(.text)
    CAN0_EWMC_IRQHandler                     0x080001db   Thumb Code     0  startup_gd32f450_470.o(.text)
    CAN0_RX0_IRQHandler                      0x080001db   Thumb Code     0  startup_gd32f450_470.o(.text)
    CAN0_RX1_IRQHandler                      0x080001db   Thumb Code     0  startup_gd32f450_470.o(.text)
    CAN0_TX_IRQHandler                       0x080001db   Thumb Code     0  startup_gd32f450_470.o(.text)
    CAN1_EWMC_IRQHandler                     0x080001db   Thumb Code     0  startup_gd32f450_470.o(.text)
    CAN1_RX0_IRQHandler                      0x080001db   Thumb Code     0  startup_gd32f450_470.o(.text)
    CAN1_RX1_IRQHandler                      0x080001db   Thumb Code     0  startup_gd32f450_470.o(.text)
    CAN1_TX_IRQHandler                       0x080001db   Thumb Code     0  startup_gd32f450_470.o(.text)
    DCI_IRQHandler                           0x080001db   Thumb Code     0  startup_gd32f450_470.o(.text)
    DMA0_Channel0_IRQHandler                 0x080001db   Thumb Code     0  startup_gd32f450_470.o(.text)
    DMA0_Channel1_IRQHandler                 0x080001db   Thumb Code     0  startup_gd32f450_470.o(.text)
    DMA0_Channel2_IRQHandler                 0x080001db   Thumb Code     0  startup_gd32f450_470.o(.text)
    DMA0_Channel3_IRQHandler                 0x080001db   Thumb Code     0  startup_gd32f450_470.o(.text)
    DMA0_Channel4_IRQHandler                 0x080001db   Thumb Code     0  startup_gd32f450_470.o(.text)
    DMA0_Channel5_IRQHandler                 0x080001db   Thumb Code     0  startup_gd32f450_470.o(.text)
    DMA0_Channel6_IRQHandler                 0x080001db   Thumb Code     0  startup_gd32f450_470.o(.text)
    DMA0_Channel7_IRQHandler                 0x080001db   Thumb Code     0  startup_gd32f450_470.o(.text)
    DMA1_Channel0_IRQHandler                 0x080001db   Thumb Code     0  startup_gd32f450_470.o(.text)
    DMA1_Channel1_IRQHandler                 0x080001db   Thumb Code     0  startup_gd32f450_470.o(.text)
    DMA1_Channel2_IRQHandler                 0x080001db   Thumb Code     0  startup_gd32f450_470.o(.text)
    DMA1_Channel3_IRQHandler                 0x080001db   Thumb Code     0  startup_gd32f450_470.o(.text)
    DMA1_Channel4_IRQHandler                 0x080001db   Thumb Code     0  startup_gd32f450_470.o(.text)
    DMA1_Channel5_IRQHandler                 0x080001db   Thumb Code     0  startup_gd32f450_470.o(.text)
    DMA1_Channel6_IRQHandler                 0x080001db   Thumb Code     0  startup_gd32f450_470.o(.text)
    DMA1_Channel7_IRQHandler                 0x080001db   Thumb Code     0  startup_gd32f450_470.o(.text)
    ENET_IRQHandler                          0x080001db   Thumb Code     0  startup_gd32f450_470.o(.text)
    ENET_WKUP_IRQHandler                     0x080001db   Thumb Code     0  startup_gd32f450_470.o(.text)
    EXMC_IRQHandler                          0x080001db   Thumb Code     0  startup_gd32f450_470.o(.text)
    EXTI0_IRQHandler                         0x080001db   Thumb Code     0  startup_gd32f450_470.o(.text)
    EXTI1_IRQHandler                         0x080001db   Thumb Code     0  startup_gd32f450_470.o(.text)
    EXTI2_IRQHandler                         0x080001db   Thumb Code     0  startup_gd32f450_470.o(.text)
    EXTI3_IRQHandler                         0x080001db   Thumb Code     0  startup_gd32f450_470.o(.text)
    EXTI4_IRQHandler                         0x080001db   Thumb Code     0  startup_gd32f450_470.o(.text)
    EXTI5_9_IRQHandler                       0x080001db   Thumb Code     0  startup_gd32f450_470.o(.text)
    FMC_IRQHandler                           0x080001db   Thumb Code     0  startup_gd32f450_470.o(.text)
    FPU_IRQHandler                           0x080001db   Thumb Code     0  startup_gd32f450_470.o(.text)
    I2C0_ER_IRQHandler                       0x080001db   Thumb Code     0  startup_gd32f450_470.o(.text)
    I2C0_EV_IRQHandler                       0x080001db   Thumb Code     0  startup_gd32f450_470.o(.text)
    I2C1_ER_IRQHandler                       0x080001db   Thumb Code     0  startup_gd32f450_470.o(.text)
    I2C1_EV_IRQHandler                       0x080001db   Thumb Code     0  startup_gd32f450_470.o(.text)
    I2C2_ER_IRQHandler                       0x080001db   Thumb Code     0  startup_gd32f450_470.o(.text)
    I2C2_EV_IRQHandler                       0x080001db   Thumb Code     0  startup_gd32f450_470.o(.text)
    IPA_IRQHandler                           0x080001db   Thumb Code     0  startup_gd32f450_470.o(.text)
    LVD_IRQHandler                           0x080001db   Thumb Code     0  startup_gd32f450_470.o(.text)
    RCU_CTC_IRQHandler                       0x080001db   Thumb Code     0  startup_gd32f450_470.o(.text)
    RTC_Alarm_IRQHandler                     0x080001db   Thumb Code     0  startup_gd32f450_470.o(.text)
    RTC_WKUP_IRQHandler                      0x080001db   Thumb Code     0  startup_gd32f450_470.o(.text)
    SDIO_IRQHandler                          0x080001db   Thumb Code     0  startup_gd32f450_470.o(.text)
    SPI0_IRQHandler                          0x080001db   Thumb Code     0  startup_gd32f450_470.o(.text)
    SPI1_IRQHandler                          0x080001db   Thumb Code     0  startup_gd32f450_470.o(.text)
    SPI2_IRQHandler                          0x080001db   Thumb Code     0  startup_gd32f450_470.o(.text)
    SPI3_IRQHandler                          0x080001db   Thumb Code     0  startup_gd32f450_470.o(.text)
    SPI4_IRQHandler                          0x080001db   Thumb Code     0  startup_gd32f450_470.o(.text)
    SPI5_IRQHandler                          0x080001db   Thumb Code     0  startup_gd32f450_470.o(.text)
    TAMPER_STAMP_IRQHandler                  0x080001db   Thumb Code     0  startup_gd32f450_470.o(.text)
    TIMER0_BRK_TIMER8_IRQHandler             0x080001db   Thumb Code     0  startup_gd32f450_470.o(.text)
    TIMER0_Channel_IRQHandler                0x080001db   Thumb Code     0  startup_gd32f450_470.o(.text)
    TIMER0_TRG_CMT_TIMER10_IRQHandler        0x080001db   Thumb Code     0  startup_gd32f450_470.o(.text)
    TIMER0_UP_TIMER9_IRQHandler              0x080001db   Thumb Code     0  startup_gd32f450_470.o(.text)
    TIMER1_IRQHandler                        0x080001db   Thumb Code     0  startup_gd32f450_470.o(.text)
    TIMER2_IRQHandler                        0x080001db   Thumb Code     0  startup_gd32f450_470.o(.text)
    TIMER3_IRQHandler                        0x080001db   Thumb Code     0  startup_gd32f450_470.o(.text)
    TIMER4_IRQHandler                        0x080001db   Thumb Code     0  startup_gd32f450_470.o(.text)
    TIMER5_DAC_IRQHandler                    0x080001db   Thumb Code     0  startup_gd32f450_470.o(.text)
    TIMER6_IRQHandler                        0x080001db   Thumb Code     0  startup_gd32f450_470.o(.text)
    TIMER7_BRK_TIMER11_IRQHandler            0x080001db   Thumb Code     0  startup_gd32f450_470.o(.text)
    TIMER7_Channel_IRQHandler                0x080001db   Thumb Code     0  startup_gd32f450_470.o(.text)
    TIMER7_TRG_CMT_TIMER13_IRQHandler        0x080001db   Thumb Code     0  startup_gd32f450_470.o(.text)
    TIMER7_UP_TIMER12_IRQHandler             0x080001db   Thumb Code     0  startup_gd32f450_470.o(.text)
    TLI_ER_IRQHandler                        0x080001db   Thumb Code     0  startup_gd32f450_470.o(.text)
    TLI_IRQHandler                           0x080001db   Thumb Code     0  startup_gd32f450_470.o(.text)
    TRNG_IRQHandler                          0x080001db   Thumb Code     0  startup_gd32f450_470.o(.text)
    UART3_IRQHandler                         0x080001db   Thumb Code     0  startup_gd32f450_470.o(.text)
    UART4_IRQHandler                         0x080001db   Thumb Code     0  startup_gd32f450_470.o(.text)
    UART6_IRQHandler                         0x080001db   Thumb Code     0  startup_gd32f450_470.o(.text)
    UART7_IRQHandler                         0x080001db   Thumb Code     0  startup_gd32f450_470.o(.text)
    USART0_IRQHandler                        0x080001db   Thumb Code     0  startup_gd32f450_470.o(.text)
    USART1_IRQHandler                        0x080001db   Thumb Code     0  startup_gd32f450_470.o(.text)
    USART2_IRQHandler                        0x080001db   Thumb Code     0  startup_gd32f450_470.o(.text)
    USART5_IRQHandler                        0x080001db   Thumb Code     0  startup_gd32f450_470.o(.text)
    USBFS_IRQHandler                         0x080001db   Thumb Code     0  startup_gd32f450_470.o(.text)
    USBFS_WKUP_IRQHandler                    0x080001db   Thumb Code     0  startup_gd32f450_470.o(.text)
    USBHS_EP1_In_IRQHandler                  0x080001db   Thumb Code     0  startup_gd32f450_470.o(.text)
    USBHS_EP1_Out_IRQHandler                 0x080001db   Thumb Code     0  startup_gd32f450_470.o(.text)
    USBHS_IRQHandler                         0x080001db   Thumb Code     0  startup_gd32f450_470.o(.text)
    USBHS_WKUP_IRQHandler                    0x080001db   Thumb Code     0  startup_gd32f450_470.o(.text)
    WWDGT_IRQHandler                         0x080001db   Thumb Code     0  startup_gd32f450_470.o(.text)
    __aeabi_uldivmod                         0x080001e5   Thumb Code    98  uldiv.o(.text)
    __rt_ctype_table                         0x08000249   Thumb Code     4  ctype_o.o(.text)
    tolower                                  0x08000251   Thumb Code    12  tolower.o(.text)
    rand                                     0x0800025d   Thumb Code    20  rand.o(.text)
    srand                                    0x08000271   Thumb Code     6  rand.o(.text)
    ___aeabi_memcpy4$move                    0x08000281   Thumb Code     0  memmovea.o(.text)
    ___aeabi_memcpy8$move                    0x08000281   Thumb Code     0  memmovea.o(.text)
    __aeabi_memcpy                           0x08000281   Thumb Code    64  memmovea.o(.text)
    __aeabi_memmove                          0x08000281   Thumb Code     0  memmovea.o(.text)
    __aeabi_memmove4                         0x08000281   Thumb Code     0  memmovea.o(.text)
    __aeabi_memmove8                         0x08000281   Thumb Code     0  memmovea.o(.text)
    __aeabi_memset                           0x080002c1   Thumb Code    14  memseta.o(.text)
    __aeabi_memset4                          0x080002c1   Thumb Code     0  memseta.o(.text)
    __aeabi_memset8                          0x080002c1   Thumb Code     0  memseta.o(.text)
    __aeabi_memclr                           0x080002cf   Thumb Code     4  memseta.o(.text)
    __aeabi_memclr4                          0x080002cf   Thumb Code     0  memseta.o(.text)
    __aeabi_memclr8                          0x080002cf   Thumb Code     0  memseta.o(.text)
    _memset$wrapper                          0x080002d3   Thumb Code    18  memseta.o(.text)
    strlen                                   0x080002e5   Thumb Code    14  strlen.o(.text)
    memcmp                                   0x080002f3   Thumb Code    26  memcmp.o(.text)
    __aeabi_uidiv                            0x0800030d   Thumb Code     0  uidiv.o(.text)
    __aeabi_uidivmod                         0x0800030d   Thumb Code    44  uidiv.o(.text)
    __aeabi_llsl                             0x08000339   Thumb Code    30  llshl.o(.text)
    _ll_shift_l                              0x08000339   Thumb Code     0  llshl.o(.text)
    __aeabi_llsr                             0x08000357   Thumb Code    32  llushr.o(.text)
    _ll_ushift_r                             0x08000357   Thumb Code     0  llushr.o(.text)
    __scatterload                            0x08000379   Thumb Code    28  init.o(.text)
    __scatterload_rt2                        0x08000379   Thumb Code     0  init.o(.text)
    __decompress                             0x0800039d   Thumb Code     0  __dczerorl2.o(.text)
    __decompress1                            0x0800039d   Thumb Code    86  __dczerorl2.o(.text)
    BusFault_Handler                         0x080003f3   Thumb Code     4  gd32f4xx_it.o(i.BusFault_Handler)
    DebugMon_Handler                         0x080003f7   Thumb Code     4  gd32f4xx_it.o(i.DebugMon_Handler)
    EXTI10_15_IRQHandler                     0x080003fb   Thumb Code    26  gd32f4xx_it.o(i.EXTI10_15_IRQHandler)
    HardFault_Handler                        0x08000415   Thumb Code     4  gd32f4xx_it.o(i.HardFault_Handler)
    MemManage_Handler                        0x08000419   Thumb Code     4  gd32f4xx_it.o(i.MemManage_Handler)
    NMI_Handler                              0x0800041d   Thumb Code     4  gd32f4xx_it.o(i.NMI_Handler)
    PendSV_Handler                           0x08000421   Thumb Code     4  gd32f4xx_it.o(i.PendSV_Handler)
    SVC_Handler                              0x08000425   Thumb Code     4  gd32f4xx_it.o(i.SVC_Handler)
    SysTick_Handler                          0x08000429   Thumb Code     8  gd32f4xx_it.o(i.SysTick_Handler)
    SystemInit                               0x08000431   Thumb Code   184  system_gd32f4xx.o(i.SystemInit)
    UsageFault_Handler                       0x080004f9   Thumb Code     4  gd32f4xx_it.o(i.UsageFault_Handler)
    __0printf$6                              0x080004fd   Thumb Code    22  printf6.o(i.__0printf$6)
    __1printf$6                              0x080004fd   Thumb Code     0  printf6.o(i.__0printf$6)
    __2printf                                0x080004fd   Thumb Code     0  printf6.o(i.__0printf$6)
    __scatterload_copy                       0x0800051d   Thumb Code    14  handlers.o(i.__scatterload_copy)
    __scatterload_null                       0x0800052b   Thumb Code     2  handlers.o(i.__scatterload_null)
    __scatterload_zeroinit                   0x0800052d   Thumb Code    14  handlers.o(i.__scatterload_zeroinit)
    dhcp_arp_reply                           0x0800087f   Thumb Code    42  dhcp.o(i.dhcp_arp_reply)
    dhcp_coarse_tmr                          0x080009e9   Thumb Code    98  dhcp.o(i.dhcp_coarse_tmr)
    dhcp_fine_tmr                            0x08000d2d   Thumb Code    52  dhcp.o(i.dhcp_fine_tmr)
    dhcp_release_and_stop                    0x08001631   Thumb Code   192  dhcp.o(i.dhcp_release_and_stop)
    dhcp_renew                               0x080016f9   Thumb Code   232  dhcp.o(i.dhcp_renew)
    dhcp_start                               0x08001969   Thumb Code   154  dhcp.o(i.dhcp_start)
    dhcp_supplied_address                    0x08001a03   Thumb Code    40  dhcp.o(i.dhcp_supplied_address)
    dns_gethostbyname                        0x080020b9   Thumb Code    28  dns.o(i.dns_gethostbyname)
    dns_gethostbyname_addrtype               0x080020d5   Thumb Code   104  dns.o(i.dns_gethostbyname_addrtype)
    dns_init                                 0x08002141   Thumb Code    38  dns.o(i.dns_init)
    dns_setserver                            0x0800251d   Thumb Code    28  dns.o(i.dns_setserver)
    dns_tmr                                  0x080025af   Thumb Code     8  dns.o(i.dns_tmr)
    enet_deinit                              0x08002679   Thumb Code    24  gd32f4xx_enet.o(i.enet_deinit)
    enet_desc_information_get                0x080026a9   Thumb Code    96  gd32f4xx_enet.o(i.enet_desc_information_get)
    enet_descriptors_chain_init              0x0800270d   Thumb Code   162  gd32f4xx_enet.o(i.enet_descriptors_chain_init)
    enet_enable                              0x080027d5   Thumb Code    12  gd32f4xx_enet.o(i.enet_enable)
    enet_frame_receive                       0x080027e1   Thumb Code   236  gd32f4xx_enet.o(i.enet_frame_receive)
    enet_frame_transmit                      0x080028d9   Thumb Code   196  gd32f4xx_enet.o(i.enet_frame_transmit)
    enet_init                                0x08002b69   Thumb Code   822  gd32f4xx_enet.o(i.enet_init)
    enet_initpara_reset                      0x08002ecd   Thumb Code    36  gd32f4xx_enet.o(i.enet_initpara_reset)
    enet_mac_address_set                     0x08002ef5   Thumb Code    42  gd32f4xx_enet.o(i.enet_mac_address_set)
    enet_phy_config                          0x08002f69   Thumb Code   184  gd32f4xx_enet.o(i.enet_phy_config)
    enet_phy_write_read                      0x08003041   Thumb Code   148  gd32f4xx_enet.o(i.enet_phy_write_read)
    enet_rx_desc_immediate_receive_complete_interrupt 0x080030dd   Thumb Code    10  gd32f4xx_enet.o(i.enet_rx_desc_immediate_receive_complete_interrupt)
    enet_rx_enable                           0x080030e9   Thumb Code    26  gd32f4xx_enet.o(i.enet_rx_enable)
    enet_rxframe_drop                        0x0800310d   Thumb Code   158  gd32f4xx_enet.o(i.enet_rxframe_drop)
    enet_rxframe_size_get                    0x080031b9   Thumb Code   138  gd32f4xx_enet.o(i.enet_rxframe_size_get)
    enet_software_reset                      0x08003251   Thumb Code    52  gd32f4xx_enet.o(i.enet_software_reset)
    enet_system_setup                        0x0800328d   Thumb Code   110  gd32f4xx_enet_eval.o(i.enet_system_setup)
    enet_transmit_checksum_config            0x08003309   Thumb Code    16  gd32f4xx_enet.o(i.enet_transmit_checksum_config)
    enet_tx_enable                           0x08003319   Thumb Code    32  gd32f4xx_enet.o(i.enet_tx_enable)
    enet_txfifo_flush                        0x08003341   Thumb Code    44  gd32f4xx_enet.o(i.enet_txfifo_flush)
    etharp_input                             0x0800352d   Thumb Code   190  etharp.o(i.etharp_input)
    etharp_output                            0x080035ed   Thumb Code   328  etharp.o(i.etharp_output)
    etharp_query                             0x080037f9   Thumb Code   352  etharp.o(i.etharp_query)
    etharp_request                           0x080039fd   Thumb Code    18  etharp.o(i.etharp_request)
    etharp_tmr                               0x08003a41   Thumb Code   214  etharp.o(i.etharp_tmr)
    ethernet_input                           0x08003bdd   Thumb Code   190  ethernet.o(i.ethernet_input)
    ethernet_output                          0x08003ca1   Thumb Code    86  ethernet.o(i.ethernet_output)
    ethernetif_init                          0x08003cf9   Thumb Code    38  ethernetif.o(i.ethernetif_init)
    ethernetif_input                         0x08003d29   Thumb Code    44  ethernetif.o(i.ethernetif_input)
    exti_init                                0x08003d55   Thumb Code   184  gd32f4xx_exti.o(i.exti_init)
    exti_interrupt_flag_clear                0x08003e11   Thumb Code     6  gd32f4xx_exti.o(i.exti_interrupt_flag_clear)
    exti_interrupt_flag_get                  0x08003e1d   Thumb Code    18  gd32f4xx_exti.o(i.exti_interrupt_flag_get)
    fputc                                    0x08003e35   Thumb Code    32  main.o(i.fputc)
    gd_eval_com_init                         0x08003e59   Thumb Code   164  gd32f450z_eval.o(i.gd_eval_com_init)
    gd_eval_key_init                         0x08003f11   Thumb Code    98  gd32f450z_eval.o(i.gd_eval_key_init)
    gpio_af_set                              0x08003f91   Thumb Code    94  gd32f4xx_gpio.o(i.gpio_af_set)
    gpio_mode_set                            0x08003fef   Thumb Code    78  gd32f4xx_gpio.o(i.gpio_mode_set)
    gpio_output_options_set                  0x0800403d   Thumb Code    66  gd32f4xx_gpio.o(i.gpio_output_options_set)
    icmp_dest_unreach                        0x0800407f   Thumb Code    18  icmp.o(i.icmp_dest_unreach)
    icmp_input                               0x08004091   Thumb Code   398  icmp.o(i.icmp_input)
    icmp_time_exceeded                       0x0800429b   Thumb Code    18  icmp.o(i.icmp_time_exceeded)
    inet_chksum_pbuf                         0x080042ad   Thumb Code    86  inet_chksum.o(i.inet_chksum_pbuf)
    ip4_addr_isbroadcast_u32                 0x08004303   Thumb Code    78  ip4_addr.o(i.ip4_addr_isbroadcast_u32)
    ip4_frag                                 0x08004351   Thumb Code   468  ip4_frag.o(i.ip4_frag)
    ip4_input                                0x08004529   Thumb Code   446  ip4.o(i.ip4_input)
    ip4_output_if                            0x08004725   Thumb Code    54  ip4.o(i.ip4_output_if)
    ip4_output_if_src                        0x0800475d   Thumb Code   202  ip4.o(i.ip4_output_if_src)
    ip4_reass                                0x08004831   Thumb Code   512  ip4_frag.o(i.ip4_reass)
    ip4_route                                0x08004a39   Thumb Code   140  ip4.o(i.ip4_route)
    ip4addr_aton                             0x08004acd   Thumb Code   396  ip4_addr.o(i.ip4addr_aton)
    ip_reass_tmr                             0x08004fb1   Thumb Code    48  ip4_frag.o(i.ip_reass_tmr)
    lwip_htonl                               0x08005191   Thumb Code    26  def.o(i.lwip_htonl)
    lwip_htons                               0x080051ab   Thumb Code    12  def.o(i.lwip_htons)
    lwip_init                                0x080051b7   Thumb Code    42  init.o(i.lwip_init)
    lwip_netif_status_callback               0x080051e1   Thumb Code     2  main.o(i.lwip_netif_status_callback)
    lwip_periodic_handle                     0x080051e5   Thumb Code    50  netconf.o(i.lwip_periodic_handle)
    lwip_pkt_handle                          0x08005221   Thumb Code    10  netconf.o(i.lwip_pkt_handle)
    lwip_stack_init                          0x08005231   Thumb Code    74  netconf.o(i.lwip_stack_init)
    lwip_standard_chksum                     0x08005295   Thumb Code    94  inet_chksum.o(i.lwip_standard_chksum)
    lwip_strnicmp                            0x080052f3   Thumb Code    64  def.o(i.lwip_strnicmp)
    main                                     0x08005335   Thumb Code    52  main.o(i.main)
    mem_calloc                               0x08005371   Thumb Code    46  mem.o(i.mem_calloc)
    mem_free                                 0x080053a1   Thumb Code   116  mem.o(i.mem_free)
    mem_init                                 0x08005421   Thumb Code    76  mem.o(i.mem_init)
    mem_malloc                               0x080054d5   Thumb Code   256  mem.o(i.mem_malloc)
    mem_trim                                 0x080055ed   Thumb Code   276  mem.o(i.mem_trim)
    memp_free                                0x0800570d   Thumb Code    36  memp.o(i.memp_free)
    memp_init                                0x08005735   Thumb Code    26  memp.o(i.memp_init)
    memp_init_pool                           0x08005755   Thumb Code    44  memp.o(i.memp_init_pool)
    memp_malloc                              0x08005781   Thumb Code    32  memp.o(i.memp_malloc)
    netif_add                                0x080057a5   Thumb Code   230  netif.o(i.netif_add)
    netif_get_by_index                       0x08005959   Thumb Code    36  netif.o(i.netif_get_by_index)
    netif_init                               0x08005981   Thumb Code     2  netif.o(i.netif_init)
    netif_set_addr                           0x080059cd   Thumb Code    92  netif.o(i.netif_set_addr)
    netif_set_default                        0x08005a2d   Thumb Code     6  netif.o(i.netif_set_default)
    netif_set_status_callback                0x08005a39   Thumb Code     6  netif.o(i.netif_set_status_callback)
    netif_set_up                             0x08005a3f   Thumb Code    64  netif.o(i.netif_set_up)
    nvic_irq_enable                          0x08005ac5   Thumb Code   186  gd32f4xx_misc.o(i.nvic_irq_enable)
    nvic_priority_group_set                  0x08005b89   Thumb Code    10  gd32f4xx_misc.o(i.nvic_priority_group_set)
    pbuf_add_header                          0x08005b9d   Thumb Code    18  pbuf.o(i.pbuf_add_header)
    pbuf_alloc                               0x08005c11   Thumb Code   304  pbuf.o(i.pbuf_alloc)
    pbuf_alloc_reference                     0x08005d41   Thumb Code    52  pbuf.o(i.pbuf_alloc_reference)
    pbuf_alloced_custom                      0x08005d75   Thumb Code    82  pbuf.o(i.pbuf_alloced_custom)
    pbuf_cat                                 0x08005dc7   Thumb Code    56  pbuf.o(i.pbuf_cat)
    pbuf_chain                               0x08005dff   Thumb Code    22  pbuf.o(i.pbuf_chain)
    pbuf_clen                                0x08005e15   Thumb Code    18  pbuf.o(i.pbuf_clen)
    pbuf_clone                               0x08005e27   Thumb Code    48  pbuf.o(i.pbuf_clone)
    pbuf_copy                                0x08005e57   Thumb Code   180  pbuf.o(i.pbuf_copy)
    pbuf_copy_partial                        0x08005f0b   Thumb Code   128  pbuf.o(i.pbuf_copy_partial)
    pbuf_free                                0x08005f8b   Thumb Code   138  pbuf.o(i.pbuf_free)
    pbuf_header_force                        0x08006015   Thumb Code    18  pbuf.o(i.pbuf_header_force)
    pbuf_put_at                              0x08006067   Thumb Code    42  pbuf.o(i.pbuf_put_at)
    pbuf_realloc                             0x08006091   Thumb Code   128  pbuf.o(i.pbuf_realloc)
    pbuf_ref                                 0x08006111   Thumb Code    18  pbuf.o(i.pbuf_ref)
    pbuf_remove_header                       0x08006123   Thumb Code    66  pbuf.o(i.pbuf_remove_header)
    pbuf_skip                                0x08006165   Thumb Code    28  pbuf.o(i.pbuf_skip)
    pbuf_take                                0x080061a3   Thumb Code   128  pbuf.o(i.pbuf_take)
    pbuf_take_at                             0x08006223   Thumb Code   122  pbuf.o(i.pbuf_take_at)
    pbuf_try_get_at                          0x0800629d   Thumb Code    46  pbuf.o(i.pbuf_try_get_at)
    rcu_clock_freq_get                       0x08006379   Thumb Code   264  gd32f4xx_rcu.o(i.rcu_clock_freq_get)
    rcu_periph_clock_enable                  0x0800649d   Thumb Code    32  gd32f4xx_rcu.o(i.rcu_periph_clock_enable)
    rcu_periph_reset_disable                 0x080064c1   Thumb Code    32  gd32f4xx_rcu.o(i.rcu_periph_reset_disable)
    rcu_periph_reset_enable                  0x080064e5   Thumb Code    32  gd32f4xx_rcu.o(i.rcu_periph_reset_enable)
    sys_now                                  0x08006509   Thumb Code     6  netconf.o(i.sys_now)
    sys_timeout                              0x08006515   Thumb Code    34  timeouts.o(i.sys_timeout)
    sys_timeouts_init                        0x080065c9   Thumb Code    30  timeouts.o(i.sys_timeouts_init)
    syscfg_enet_phy_interface_config         0x080065f1   Thumb Code    18  gd32f4xx_syscfg.o(i.syscfg_enet_phy_interface_config)
    syscfg_exti_line_config                  0x08006609   Thumb Code   166  gd32f4xx_syscfg.o(i.syscfg_exti_line_config)
    systick_clksource_set                    0x080067b9   Thumb Code    40  gd32f4xx_misc.o(i.systick_clksource_set)
    tcp_abandon                              0x080067e1   Thumb Code   230  tcp.o(i.tcp_abandon)
    tcp_abort                                0x080068d9   Thumb Code    14  tcp.o(i.tcp_abort)
    tcp_alloc                                0x080068e9   Thumb Code   170  tcp.o(i.tcp_alloc)
    tcp_arg                                  0x080069a5   Thumb Code     6  tcp.o(i.tcp_arg)
    tcp_bind                                 0x080069ad   Thumb Code   164  tcp.o(i.tcp_bind)
    tcp_client_init                          0x08006a8d   Thumb Code    62  tcp_client.o(i.tcp_client_init)
    tcp_close                                0x08006b91   Thumb Code    44  tcp.o(i.tcp_close)
    tcp_connect                              0x08006d75   Thumb Code   342  tcp.o(i.tcp_connect)
    tcp_eff_send_mss_netif                   0x08006fb3   Thumb Code    52  tcp.o(i.tcp_eff_send_mss_netif)
    tcp_enqueue_flags                        0x08006fe7   Thumb Code   262  tcp_out.o(i.tcp_enqueue_flags)
    tcp_fasttmr                              0x080070ed   Thumb Code   142  tcp.o(i.tcp_fasttmr)
    tcp_free                                 0x08007189   Thumb Code    18  tcp.o(i.tcp_free)
    tcp_init                                 0x080072ad   Thumb Code    20  tcp.o(i.tcp_init)
    tcp_input                                0x080072c5   Thumb Code  1326  tcp_in.o(i.tcp_input)
    tcp_keepalive                            0x08007869   Thumb Code    74  tcp_out.o(i.tcp_keepalive)
    tcp_netif_ip_addr_changed                0x08007b31   Thumb Code    64  tcp.o(i.tcp_netif_ip_addr_changed)
    tcp_new                                  0x08007bab   Thumb Code    10  tcp.o(i.tcp_new)
    tcp_next_iss                             0x08007c1d   Thumb Code    26  tcp.o(i.tcp_next_iss)
    tcp_output                               0x08007c41   Thumb Code   614  tcp_out.o(i.tcp_output)
    tcp_pcb_purge                            0x080081f3   Thumb Code    74  tcp.o(i.tcp_pcb_purge)
    tcp_pcb_remove                           0x0800823d   Thumb Code   132  tcp.o(i.tcp_pcb_remove)
    tcp_process_refused_data                 0x08008895   Thumb Code   162  tcp.o(i.tcp_process_refused_data)
    tcp_recv                                 0x08008f19   Thumb Code    12  tcp.o(i.tcp_recv)
    tcp_recv_null                            0x08008f25   Thumb Code    58  tcp.o(i.tcp_recv_null)
    tcp_recved                               0x08008f5f   Thumb Code    90  tcp.o(i.tcp_recved)
    tcp_rexmit                               0x08008fd5   Thumb Code   120  tcp_out.o(i.tcp_rexmit)
    tcp_rexmit_fast                          0x0800904d   Thumb Code   120  tcp_out.o(i.tcp_rexmit_fast)
    tcp_rexmit_rto                           0x080090c5   Thumb Code    24  tcp_out.o(i.tcp_rexmit_rto)
    tcp_rexmit_rto_commit                    0x080090dd   Thumb Code    34  tcp_out.o(i.tcp_rexmit_rto_commit)
    tcp_rexmit_rto_prepare                   0x080090ff   Thumb Code   128  tcp_out.o(i.tcp_rexmit_rto_prepare)
    tcp_rst                                  0x0800919d   Thumb Code   100  tcp_out.o(i.tcp_rst)
    tcp_seg_free                             0x08009201   Thumb Code    26  tcp.o(i.tcp_seg_free)
    tcp_segs_free                            0x0800921b   Thumb Code    24  tcp.o(i.tcp_segs_free)
    tcp_send_empty_ack                       0x08009233   Thumb Code   172  tcp_out.o(i.tcp_send_empty_ack)
    tcp_send_fin                             0x080092df   Thumb Code    82  tcp_out.o(i.tcp_send_fin)
    tcp_slowtmr                              0x08009331   Thumb Code   956  tcp.o(i.tcp_slowtmr)
    tcp_split_unsent_seg                     0x0800970d   Thumb Code   414  tcp_out.o(i.tcp_split_unsent_seg)
    tcp_timer_needed                         0x080098ad   Thumb Code    38  timeouts.o(i.tcp_timer_needed)
    tcp_tmr                                  0x08009995   Thumb Code    30  tcp.o(i.tcp_tmr)
    tcp_trigger_input_pcb_close              0x080099b9   Thumb Code    14  tcp_in.o(i.tcp_trigger_input_pcb_close)
    tcp_update_rcv_ann_wnd                   0x080099cd   Thumb Code    82  tcp.o(i.tcp_update_rcv_ann_wnd)
    tcp_write                                0x08009a1f   Thumb Code  1112  tcp_out.o(i.tcp_write)
    tcp_zero_window_probe                    0x08009ee7   Thumb Code   216  tcp_out.o(i.tcp_zero_window_probe)
    time_update                              0x08009ff9   Thumb Code    12  main.o(i.time_update)
    udp_bind                                 0x0800a009   Thumb Code   152  udp.o(i.udp_bind)
    udp_connect                              0x0800a0a9   Thumb Code   118  udp.o(i.udp_connect)
    udp_disconnect                           0x0800a125   Thumb Code    32  udp.o(i.udp_disconnect)
    udp_init                                 0x0800a145   Thumb Code    20  udp.o(i.udp_init)
    udp_input                                0x0800a15d   Thumb Code   354  udp.o(i.udp_input)
    udp_netif_ip_addr_changed                0x0800a331   Thumb Code    42  udp.o(i.udp_netif_ip_addr_changed)
    udp_new                                  0x0800a361   Thumb Code    28  udp.o(i.udp_new)
    udp_new_ip_type                          0x0800a37d   Thumb Code    14  udp.o(i.udp_new_ip_type)
    udp_ntp_dns_get_ip                       0x0800a545   Thumb Code    18  udp_ntp.o(i.udp_ntp_dns_get_ip)
    udp_ntp_init                             0x0800a5b1   Thumb Code   222  udp_ntp.o(i.udp_ntp_init)
    udp_recv                                 0x0800a819   Thumb Code    16  udp.o(i.udp_recv)
    udp_remove                               0x0800a829   Thumb Code    74  udp.o(i.udp_remove)
    udp_send                                 0x0800a879   Thumb Code    44  udp.o(i.udp_send)
    udp_sendto                               0x0800a8a5   Thumb Code    96  udp.o(i.udp_sendto)
    udp_sendto_if                            0x0800a905   Thumb Code   122  udp.o(i.udp_sendto_if)
    udp_sendto_if_src                        0x0800a97f   Thumb Code   266  udp.o(i.udp_sendto_if_src)
    usart_baudrate_set                       0x0800aa89   Thumb Code   224  gd32f4xx_usart.o(i.usart_baudrate_set)
    usart_data_transmit                      0x0800ab71   Thumb Code     8  gd32f4xx_usart.o(i.usart_data_transmit)
    usart_deinit                             0x0800ab79   Thumb Code   210  gd32f4xx_usart.o(i.usart_deinit)
    usart_enable                             0x0800ac55   Thumb Code    10  gd32f4xx_usart.o(i.usart_enable)
    usart_flag_get                           0x0800ac5f   Thumb Code    30  gd32f4xx_usart.o(i.usart_flag_get)
    usart_receive_config                     0x0800ac7d   Thumb Code    16  gd32f4xx_usart.o(i.usart_receive_config)
    usart_transmit_config                    0x0800ac8d   Thumb Code    16  gd32f4xx_usart.o(i.usart_transmit_config)
    g_days                                   0x0800ac9c   Data          12  udp_ntp.o(.constdata)
    ip_addr_any                              0x0800aca8   Data           4  ip4_addr.o(.constdata)
    ip_addr_broadcast                        0x0800acac   Data           4  ip4_addr.o(.constdata)
    memp_UDP_PCB                             0x0800acb0   Data          12  memp.o(.constdata)
    memp_TCP_PCB                             0x0800acbc   Data          12  memp.o(.constdata)
    memp_TCP_PCB_LISTEN                      0x0800acc8   Data          12  memp.o(.constdata)
    memp_TCP_SEG                             0x0800acd4   Data          12  memp.o(.constdata)
    memp_REASSDATA                           0x0800ace0   Data          12  memp.o(.constdata)
    memp_FRAG_PBUF                           0x0800acec   Data          12  memp.o(.constdata)
    memp_SYS_TIMEOUT                         0x0800acf8   Data          12  memp.o(.constdata)
    memp_PBUF                                0x0800ad04   Data          12  memp.o(.constdata)
    memp_PBUF_POOL                           0x0800ad10   Data          12  memp.o(.constdata)
    memp_pools                               0x0800ad1c   Data          36  memp.o(.constdata)
    tcp_pcb_lists                            0x0800ad80   Data          16  tcp.o(.constdata)
    lwip_cyclic_timers                       0x0800ad90   Data          48  timeouts.o(.constdata)
    lwip_num_cyclic_timers                   0x0800adc0   Data           4  timeouts.o(.constdata)
    ethbroadcast                             0x0800adc4   Data           6  ethernet.o(.constdata)
    ethzero                                  0x0800adca   Data           6  ethernet.o(.constdata)
    __ctype_table                            0x0800add0   Data         129  ctype_o.o(.constdata)
    Region$$Table$$Base                      0x0800aed0   Number         0  anon$$obj.o(Region$$Table)
    Region$$Table$$Limit                     0x0800aef0   Number         0  anon$$obj.o(Region$$Table)
    g_localtime                              0x20000000   Data           4  main.o(.data)
    g_timedelay                              0x20000004   Data           4  main.o(.data)
    tcp_timer                                0x2000000c   Data           4  netconf.o(.data)
    arp_timer                                0x20000010   Data           4  netconf.o(.data)
    ip_address                               0x20000014   Data           4  netconf.o(.data)
    udp_ntp_dns_result                       0x20000018   Data           4  udp_ntp.o(.data)
    dns_flag                                 0x2000001c   Data           1  udp_ntp.o(.data)
    udp_ntp_pcb                              0x20000020   Data           4  udp_ntp.o(.data)
    dma_current_txdesc                       0x20000024   Data           4  gd32f4xx_enet.o(.data)
    dma_current_rxdesc                       0x20000028   Data           4  gd32f4xx_enet.o(.data)
    dma_current_ptp_txdesc                   0x2000002c   Data           4  gd32f4xx_enet.o(.data)
    dma_current_ptp_rxdesc                   0x20000030   Data           4  gd32f4xx_enet.o(.data)
    tcp_ticks                                0x20000094   Data           4  tcp.o(.data)
    tcp_bound_pcbs                           0x20000098   Data           4  tcp.o(.data)
    tcp_listen_pcbs                          0x2000009c   Data           4  tcp.o(.data)
    tcp_active_pcbs                          0x200000a0   Data           4  tcp.o(.data)
    tcp_tw_pcbs                              0x200000a4   Data           4  tcp.o(.data)
    tcp_active_pcbs_changed                  0x200000a8   Data           1  tcp.o(.data)
    tcp_input_pcb                            0x200000d4   Data           4  tcp_in.o(.data)
    udp_pcbs                                 0x200000e8   Data           4  udp.o(.data)
    netif_list                               0x200000ec   Data           4  netif.o(.data)
    netif_default                            0x200000f0   Data           4  netif.o(.data)
    __stdout                                 0x20000160   Data           4  stdout.o(.data)
    g_mynetif                                0x20000164   Data          56  netconf.o(.bss)
    g_ntpformat                              0x200001a0   Data          56  udp_ntp.o(.bss)
    g_nowdate                                0x200001d8   Data          24  udp_ntp.o(.bss)
    g_ntp_message                            0x200001f0   Data          48  udp_ntp.o(.bss)
    g_ntp_message_sendbuff                   0x20000220   Data          48  udp_ntp.o(.bss)
    g_ntp_demo_recvbuf                       0x20000250   Data        2000  udp_ntp.o(.bss)
    rxdesc_tab                               0x20000a20   Data          80  gd32f4xx_enet.o(.bss)
    txdesc_tab                               0x20000a70   Data          80  gd32f4xx_enet.o(.bss)
    rx_buff                                  0x20000ac0   Data        7620  gd32f4xx_enet.o(.bss)
    tx_buff                                  0x20002884   Data        7620  gd32f4xx_enet.o(.bss)
    dhcp_rx_options_val                      0x20004684   Data          40  dhcp.o(.bss)
    dhcp_rx_options_given                    0x200046ac   Data          10  dhcp.o(.bss)
    ip_data                                  0x20004c28   Data          24  ip.o(.bss)
    ram_heap                                 0x20004c40   Data       20499  mem.o(.bss)
    memp_memory_UDP_PCB_base                 0x20009c53   Data         195  memp.o(.bss)
    memp_memory_TCP_PCB_base                 0x20009d16   Data        1523  memp.o(.bss)
    memp_memory_TCP_PCB_LISTEN_base          0x2000a309   Data         171  memp.o(.bss)
    memp_memory_TCP_SEG_base                 0x2000a3b4   Data         195  memp.o(.bss)
    memp_memory_REASSDATA_base               0x2000a477   Data         163  memp.o(.bss)
    memp_memory_FRAG_PBUF_base               0x2000a51a   Data         363  memp.o(.bss)
    memp_memory_SYS_TIMEOUT_base             0x2000a685   Data         163  memp.o(.bss)
    memp_memory_PBUF_base                    0x2000a728   Data         163  memp.o(.bss)
    memp_memory_PBUF_POOL_base               0x2000a7cb   Data       61283  memp.o(.bss)
    __initial_sp                             0x20019b40   Data           0  startup_gd32f450_470.o(STACK)



==============================================================================

Memory Map of the image

  Image Entry point : 0x080001ad

  Load Region LR_IROM1 (Base: 0x08000000, Size: 0x0000b054, Max: 0x00300000, ABSOLUTE, COMPRESSED[0x0000af3c])

    Execution Region ER_IROM1 (Exec base: 0x08000000, Load base: 0x08000000, Size: 0x0000aef0, Max: 0x00300000, ABSOLUTE)

    Exec Addr    Load Addr    Size         Type   Attr      Idx    E Section Name        Object

    0x08000000   0x08000000   0x000001ac   Data   RO         8584    RESET               startup_gd32f450_470.o
    0x080001ac   0x080001ac   0x00000000   Code   RO         8589  * .ARM.Collect$$$$00000000  mc_w.l(entry.o)
    0x080001ac   0x080001ac   0x00000004   Code   RO         8906    .ARM.Collect$$$$00000001  mc_w.l(entry2.o)
    0x080001b0   0x080001b0   0x00000004   Code   RO         8909    .ARM.Collect$$$$00000004  mc_w.l(entry5.o)
    0x080001b4   0x080001b4   0x00000000   Code   RO         8911    .ARM.Collect$$$$00000008  mc_w.l(entry7b.o)
    0x080001b4   0x080001b4   0x00000000   Code   RO         8913    .ARM.Collect$$$$0000000A  mc_w.l(entry8b.o)
    0x080001b4   0x080001b4   0x00000008   Code   RO         8914    .ARM.Collect$$$$0000000B  mc_w.l(entry9a.o)
    0x080001bc   0x080001bc   0x00000000   Code   RO         8916    .ARM.Collect$$$$0000000D  mc_w.l(entry10a.o)
    0x080001bc   0x080001bc   0x00000000   Code   RO         8918    .ARM.Collect$$$$0000000F  mc_w.l(entry11a.o)
    0x080001bc   0x080001bc   0x00000004   Code   RO         8907    .ARM.Collect$$$$00002712  mc_w.l(entry2.o)
    0x080001c0   0x080001c0   0x00000024   Code   RO         8585    .text               startup_gd32f450_470.o
    0x080001e4   0x080001e4   0x00000062   Code   RO         8592    .text               mc_w.l(uldiv.o)
    0x08000246   0x08000246   0x00000002   PAD
    0x08000248   0x08000248   0x00000008   Code   RO         8594    .text               mc_w.l(ctype_o.o)
    0x08000250   0x08000250   0x0000000c   Code   RO         8622    .text               mc_w.l(tolower.o)
    0x0800025c   0x0800025c   0x00000024   Code   RO         8624    .text               mc_w.l(rand.o)
    0x08000280   0x08000280   0x00000040   Code   RO         8629    .text               mc_w.l(memmovea.o)
    0x080002c0   0x080002c0   0x00000024   Code   RO         8631    .text               mc_w.l(memseta.o)
    0x080002e4   0x080002e4   0x0000000e   Code   RO         8633    .text               mc_w.l(strlen.o)
    0x080002f2   0x080002f2   0x0000001a   Code   RO         8635    .text               mc_w.l(memcmp.o)
    0x0800030c   0x0800030c   0x0000002c   Code   RO         8921    .text               mc_w.l(uidiv.o)
    0x08000338   0x08000338   0x0000001e   Code   RO         8923    .text               mc_w.l(llshl.o)
    0x08000356   0x08000356   0x00000020   Code   RO         8925    .text               mc_w.l(llushr.o)
    0x08000376   0x08000376   0x00000002   PAD
    0x08000378   0x08000378   0x00000024   Code   RO         8947    .text               mc_w.l(init.o)
    0x0800039c   0x0800039c   0x00000056   Code   RO         8965    .text               mc_w.l(__dczerorl2.o)
    0x080003f2   0x080003f2   0x00000004   Code   RO          328    i.BusFault_Handler  gd32f4xx_it.o
    0x080003f6   0x080003f6   0x00000004   Code   RO          329    i.DebugMon_Handler  gd32f4xx_it.o
    0x080003fa   0x080003fa   0x0000001a   Code   RO          330    i.EXTI10_15_IRQHandler  gd32f4xx_it.o
    0x08000414   0x08000414   0x00000004   Code   RO          331    i.HardFault_Handler  gd32f4xx_it.o
    0x08000418   0x08000418   0x00000004   Code   RO          332    i.MemManage_Handler  gd32f4xx_it.o
    0x0800041c   0x0800041c   0x00000004   Code   RO          333    i.NMI_Handler       gd32f4xx_it.o
    0x08000420   0x08000420   0x00000004   Code   RO          334    i.PendSV_Handler    gd32f4xx_it.o
    0x08000424   0x08000424   0x00000004   Code   RO          335    i.SVC_Handler       gd32f4xx_it.o
    0x08000428   0x08000428   0x00000008   Code   RO          336    i.SysTick_Handler   gd32f4xx_it.o
    0x08000430   0x08000430   0x000000c8   Code   RO         8485    i.SystemInit        system_gd32f4xx.o
    0x080004f8   0x080004f8   0x00000004   Code   RO          337    i.UsageFault_Handler  gd32f4xx_it.o
    0x080004fc   0x080004fc   0x00000020   Code   RO         8798    i.__0printf$6       mc_w.l(printf6.o)
    0x0800051c   0x0800051c   0x0000000e   Code   RO         8959    i.__scatterload_copy  mc_w.l(handlers.o)
    0x0800052a   0x0800052a   0x00000002   Code   RO         8960    i.__scatterload_null  mc_w.l(handlers.o)
    0x0800052c   0x0800052c   0x0000000e   Code   RO         8961    i.__scatterload_zeroinit  mc_w.l(handlers.o)
    0x0800053a   0x0800053a   0x00000002   PAD
    0x0800053c   0x0800053c   0x000002f0   Code   RO         8805    i._printf_core      mc_w.l(printf6.o)
    0x0800082c   0x0800082c   0x00000024   Code   RO         8806    i._printf_post_padding  mc_w.l(printf6.o)
    0x08000850   0x08000850   0x0000002e   Code   RO         8807    i._printf_pre_padding  mc_w.l(printf6.o)
    0x0800087e   0x0800087e   0x0000002a   Code   RO         6292    i.dhcp_arp_reply    dhcp.o
    0x080008a8   0x080008a8   0x00000100   Code   RO         6293    i.dhcp_bind         dhcp.o
    0x080009a8   0x080009a8   0x0000003e   Code   RO         6294    i.dhcp_check        dhcp.o
    0x080009e6   0x080009e6   0x00000002   PAD
    0x080009e8   0x080009e8   0x00000068   Code   RO         6296    i.dhcp_coarse_tmr   dhcp.o
    0x08000a50   0x08000a50   0x000000fc   Code   RO         6297    i.dhcp_create_msg   dhcp.o
    0x08000b4c   0x08000b4c   0x00000030   Code   RO         6298    i.dhcp_dec_pcb_refcount  dhcp.o
    0x08000b7c   0x08000b7c   0x000000b0   Code   RO         6299    i.dhcp_decline      dhcp.o
    0x08000c2c   0x08000c2c   0x00000100   Code   RO         6300    i.dhcp_discover     dhcp.o
    0x08000d2c   0x08000d2c   0x00000038   Code   RO         6301    i.dhcp_fine_tmr     dhcp.o
    0x08000d64   0x08000d64   0x000000b0   Code   RO         6302    i.dhcp_handle_ack   dhcp.o
    0x08000e14   0x08000e14   0x00000028   Code   RO         6303    i.dhcp_handle_nak   dhcp.o
    0x08000e3c   0x08000e3c   0x00000030   Code   RO         6304    i.dhcp_handle_offer  dhcp.o
    0x08000e6c   0x08000e6c   0x00000074   Code   RO         6305    i.dhcp_inc_pcb_refcount  dhcp.o
    0x08000ee0   0x08000ee0   0x00000018   Code   RO         6308    i.dhcp_option       dhcp.o
    0x08000ef8   0x08000ef8   0x00000010   Code   RO         6309    i.dhcp_option_byte  dhcp.o
    0x08000f08   0x08000f08   0x00000032   Code   RO         6310    i.dhcp_option_long  dhcp.o
    0x08000f3a   0x08000f3a   0x0000001a   Code   RO         6311    i.dhcp_option_short  dhcp.o
    0x08000f54   0x08000f54   0x0000003a   Code   RO         6312    i.dhcp_option_trailer  dhcp.o
    0x08000f8e   0x08000f8e   0x00000002   PAD
    0x08000f90   0x08000f90   0x0000036c   Code   RO         6313    i.dhcp_parse_reply  dhcp.o
    0x080012fc   0x080012fc   0x000000f4   Code   RO         6314    i.dhcp_rebind       dhcp.o
    0x080013f0   0x080013f0   0x00000118   Code   RO         6315    i.dhcp_reboot       dhcp.o
    0x08001508   0x08001508   0x00000128   Code   RO         6316    i.dhcp_recv         dhcp.o
    0x08001630   0x08001630   0x000000c8   Code   RO         6318    i.dhcp_release_and_stop  dhcp.o
    0x080016f8   0x080016f8   0x000000f0   Code   RO         6319    i.dhcp_renew        dhcp.o
    0x080017e8   0x080017e8   0x00000170   Code   RO         6320    i.dhcp_select       dhcp.o
    0x08001958   0x08001958   0x00000010   Code   RO         6321    i.dhcp_set_state    dhcp.o
    0x08001968   0x08001968   0x0000009a   Code   RO         6323    i.dhcp_start        dhcp.o
    0x08001a02   0x08001a02   0x00000028   Code   RO         6325    i.dhcp_supplied_address  dhcp.o
    0x08001a2a   0x08001a2a   0x00000042   Code   RO         6326    i.dhcp_t1_timeout   dhcp.o
    0x08001a6c   0x08001a6c   0x00000048   Code   RO         6327    i.dhcp_t2_timeout   dhcp.o
    0x08001ab4   0x08001ab4   0x00000074   Code   RO         6328    i.dhcp_timeout      dhcp.o
    0x08001b28   0x08001b28   0x00000074   Code   RO         6897    i.dns_alloc_pcb     dns.o
    0x08001b9c   0x08001b9c   0x0000005c   Code   RO         6898    i.dns_alloc_random_port  dns.o
    0x08001bf8   0x08001bf8   0x00000024   Code   RO         6899    i.dns_backupserver_available  dns.o
    0x08001c1c   0x08001c1c   0x00000108   Code   RO         6900    i.dns_call_found    dns.o
    0x08001d24   0x08001d24   0x00000016   Code   RO         6901    i.dns_check_entries  dns.o
    0x08001d3a   0x08001d3a   0x00000002   PAD
    0x08001d3c   0x08001d3c   0x000000b4   Code   RO         6902    i.dns_check_entry   dns.o
    0x08001df0   0x08001df0   0x000000b2   Code   RO         6903    i.dns_compare_name  dns.o
    0x08001ea2   0x08001ea2   0x00000002   PAD
    0x08001ea4   0x08001ea4   0x00000044   Code   RO         6904    i.dns_correct_response  dns.o
    0x08001ee8   0x08001ee8   0x00000040   Code   RO         6905    i.dns_create_txid   dns.o
    0x08001f28   0x08001f28   0x00000190   Code   RO         6906    i.dns_enqueue       dns.o
    0x080020b8   0x080020b8   0x0000001c   Code   RO         6907    i.dns_gethostbyname  dns.o
    0x080020d4   0x080020d4   0x0000006c   Code   RO         6908    i.dns_gethostbyname_addrtype  dns.o
    0x08002140   0x08002140   0x0000002c   Code   RO         6910    i.dns_init          dns.o
    0x0800216c   0x0800216c   0x0000005c   Code   RO         6911    i.dns_lookup        dns.o
    0x080021c8   0x080021c8   0x000001fc   Code   RO         6912    i.dns_recv          dns.o
    0x080023c4   0x080023c4   0x00000158   Code   RO         6913    i.dns_send          dns.o
    0x0800251c   0x0800251c   0x00000024   Code   RO         6914    i.dns_setserver     dns.o
    0x08002540   0x08002540   0x0000006e   Code   RO         6915    i.dns_skip_name     dns.o
    0x080025ae   0x080025ae   0x00000008   Code   RO         6916    i.dns_tmr           dns.o
    0x080025b6   0x080025b6   0x00000014   Code   RO         7213    i.do_memp_free_pool  memp.o
    0x080025ca   0x080025ca   0x0000001a   Code   RO         7214    i.do_memp_malloc_pool  memp.o
    0x080025e4   0x080025e4   0x00000094   Code   RO         2001    i.enet_default_init  gd32f4xx_enet.o
    0x08002678   0x08002678   0x00000018   Code   RO         2002    i.enet_deinit       gd32f4xx_enet.o
    0x08002690   0x08002690   0x00000018   Code   RO         2003    i.enet_delay        gd32f4xx_enet.o
    0x080026a8   0x080026a8   0x00000064   Code   RO         2007    i.enet_desc_information_get  gd32f4xx_enet.o
    0x0800270c   0x0800270c   0x000000c8   Code   RO         2009    i.enet_descriptors_chain_init  gd32f4xx_enet.o
    0x080027d4   0x080027d4   0x0000000c   Code   RO         2016    i.enet_enable       gd32f4xx_enet.o
    0x080027e0   0x080027e0   0x000000f8   Code   RO         2026    i.enet_frame_receive  gd32f4xx_enet.o
    0x080028d8   0x080028d8   0x000000cc   Code   RO         2027    i.enet_frame_transmit  gd32f4xx_enet.o
    0x080029a4   0x080029a4   0x000001c4   Code   RO          405    i.enet_gpio_config  gd32f4xx_enet_eval.o
    0x08002b68   0x08002b68   0x00000364   Code   RO         2028    i.enet_init         gd32f4xx_enet.o
    0x08002ecc   0x08002ecc   0x00000028   Code   RO         2030    i.enet_initpara_reset  gd32f4xx_enet.o
    0x08002ef4   0x08002ef4   0x00000030   Code   RO         2036    i.enet_mac_address_set  gd32f4xx_enet.o
    0x08002f24   0x08002f24   0x00000044   Code   RO          406    i.enet_mac_dma_config  gd32f4xx_enet_eval.o
    0x08002f68   0x08002f68   0x000000d8   Code   RO         2046    i.enet_phy_config   gd32f4xx_enet.o
    0x08003040   0x08003040   0x0000009c   Code   RO         2047    i.enet_phy_write_read  gd32f4xx_enet.o
    0x080030dc   0x080030dc   0x0000000a   Code   RO         2065    i.enet_rx_desc_immediate_receive_complete_interrupt  gd32f4xx_enet.o
    0x080030e6   0x080030e6   0x00000002   PAD
    0x080030e8   0x080030e8   0x00000024   Code   RO         2067    i.enet_rx_enable    gd32f4xx_enet.o
    0x0800310c   0x0800310c   0x000000ac   Code   RO         2068    i.enet_rxframe_drop  gd32f4xx_enet.o
    0x080031b8   0x080031b8   0x00000098   Code   RO         2069    i.enet_rxframe_size_get  gd32f4xx_enet.o
    0x08003250   0x08003250   0x0000003c   Code   RO         2071    i.enet_software_reset  gd32f4xx_enet.o
    0x0800328c   0x0800328c   0x0000007c   Code   RO          407    i.enet_system_setup  gd32f4xx_enet_eval.o
    0x08003308   0x08003308   0x00000010   Code   RO         2072    i.enet_transmit_checksum_config  gd32f4xx_enet.o
    0x08003318   0x08003318   0x00000028   Code   RO         2074    i.enet_tx_enable    gd32f4xx_enet.o
    0x08003340   0x08003340   0x00000034   Code   RO         2075    i.enet_txfifo_flush  gd32f4xx_enet.o
    0x08003374   0x08003374   0x00000178   Code   RO         6511    i.etharp_find_entry  etharp.o
    0x080034ec   0x080034ec   0x00000040   Code   RO         6512    i.etharp_free_entry  etharp.o
    0x0800352c   0x0800352c   0x000000be   Code   RO         6514    i.etharp_input      etharp.o
    0x080035ea   0x080035ea   0x00000002   PAD
    0x080035ec   0x080035ec   0x00000154   Code   RO         6515    i.etharp_output     etharp.o
    0x08003740   0x08003740   0x000000b8   Code   RO         6516    i.etharp_output_to_arp_index  etharp.o
    0x080037f8   0x080037f8   0x00000168   Code   RO         6517    i.etharp_query      etharp.o
    0x08003960   0x08003960   0x0000009a   Code   RO         6518    i.etharp_raw        etharp.o
    0x080039fa   0x080039fa   0x00000002   PAD
    0x080039fc   0x080039fc   0x00000018   Code   RO         6519    i.etharp_request    etharp.o
    0x08003a14   0x08003a14   0x0000002c   Code   RO         6520    i.etharp_request_dst  etharp.o
    0x08003a40   0x08003a40   0x000000dc   Code   RO         6521    i.etharp_tmr        etharp.o
    0x08003b1c   0x08003b1c   0x000000c0   Code   RO         6522    i.etharp_update_arp_entry  etharp.o
    0x08003bdc   0x08003bdc   0x000000c4   Code   RO         8243    i.ethernet_input    ethernet.o
    0x08003ca0   0x08003ca0   0x00000056   Code   RO         8244    i.ethernet_output   ethernet.o
    0x08003cf6   0x08003cf6   0x00000002   PAD
    0x08003cf8   0x08003cf8   0x00000030   Code   RO         8439    i.ethernetif_init   ethernetif.o
    0x08003d28   0x08003d28   0x0000002c   Code   RO         8440    i.ethernetif_input  ethernetif.o
    0x08003d54   0x08003d54   0x000000bc   Code   RO         2812    i.exti_init         gd32f4xx_exti.o
    0x08003e10   0x08003e10   0x0000000c   Code   RO         2815    i.exti_interrupt_flag_clear  gd32f4xx_exti.o
    0x08003e1c   0x08003e1c   0x00000018   Code   RO         2816    i.exti_interrupt_flag_get  gd32f4xx_exti.o
    0x08003e34   0x08003e34   0x00000024   Code   RO            5    i.fputc             main.o
    0x08003e58   0x08003e58   0x000000b8   Code   RO         8526    i.gd_eval_com_init  gd32f450z_eval.o
    0x08003f10   0x08003f10   0x00000080   Code   RO         8527    i.gd_eval_key_init  gd32f450z_eval.o
    0x08003f90   0x08003f90   0x0000005e   Code   RO         3197    i.gpio_af_set       gd32f4xx_gpio.o
    0x08003fee   0x08003fee   0x0000004e   Code   RO         3205    i.gpio_mode_set     gd32f4xx_gpio.o
    0x0800403c   0x0800403c   0x00000042   Code   RO         3207    i.gpio_output_options_set  gd32f4xx_gpio.o
    0x0800407e   0x0800407e   0x00000012   Code   RO         6602    i.icmp_dest_unreach  icmp.o
    0x08004090   0x08004090   0x00000194   Code   RO         6603    i.icmp_input        icmp.o
    0x08004224   0x08004224   0x00000076   Code   RO         6604    i.icmp_send_response  icmp.o
    0x0800429a   0x0800429a   0x00000012   Code   RO         6605    i.icmp_time_exceeded  icmp.o
    0x080042ac   0x080042ac   0x00000056   Code   RO         7021    i.inet_chksum_pbuf  inet_chksum.o
    0x08004302   0x08004302   0x0000004e   Code   RO         6706    i.ip4_addr_isbroadcast_u32  ip4_addr.o
    0x08004350   0x08004350   0x000001d8   Code   RO         6768    i.ip4_frag          ip4_frag.o
    0x08004528   0x08004528   0x000001c8   Code   RO         6647    i.ip4_input         ip4.o
    0x080046f0   0x080046f0   0x00000034   Code   RO         6648    i.ip4_input_accept  ip4.o
    0x08004724   0x08004724   0x00000036   Code   RO         6650    i.ip4_output_if     ip4.o
    0x0800475a   0x0800475a   0x00000002   PAD
    0x0800475c   0x0800475c   0x000000d4   Code   RO         6651    i.ip4_output_if_src  ip4.o
    0x08004830   0x08004830   0x00000208   Code   RO         6769    i.ip4_reass         ip4_frag.o
    0x08004a38   0x08004a38   0x00000094   Code   RO         6652    i.ip4_route         ip4.o
    0x08004acc   0x08004acc   0x0000018c   Code   RO         6708    i.ip4addr_aton      ip4_addr.o
    0x08004c58   0x08004c58   0x0000000a   Code   RO         6770    i.ip_frag_alloc_pbuf_custom_ref  ip4_frag.o
    0x08004c62   0x08004c62   0x00000012   Code   RO         6771    i.ip_frag_free_pbuf_custom_ref  ip4_frag.o
    0x08004c74   0x08004c74   0x00000194   Code   RO         6772    i.ip_reass_chain_frag_into_datagram_and_validate  ip4_frag.o
    0x08004e08   0x08004e08   0x0000002c   Code   RO         6773    i.ip_reass_dequeue_datagram  ip4_frag.o
    0x08004e34   0x08004e34   0x00000054   Code   RO         6774    i.ip_reass_enqueue_new_datagram  ip4_frag.o
    0x08004e88   0x08004e88   0x000000a0   Code   RO         6775    i.ip_reass_free_complete_datagram  ip4_frag.o
    0x08004f28   0x08004f28   0x00000088   Code   RO         6776    i.ip_reass_remove_oldest_datagram  ip4_frag.o
    0x08004fb0   0x08004fb0   0x00000034   Code   RO         6777    i.ip_reass_tmr      ip4_frag.o
    0x08004fe4   0x08004fe4   0x00000020   Code   RO         6778    i.ipfrag_free_pbuf_custom  ip4_frag.o
    0x08005004   0x08005004   0x0000008c   Code   RO         8441    i.low_level_init    ethernetif.o
    0x08005090   0x08005090   0x00000060   Code   RO         8442    i.low_level_input   ethernetif.o
    0x080050f0   0x080050f0   0x00000050   Code   RO         8443    i.low_level_output  ethernetif.o
    0x08005140   0x08005140   0x00000050   Code   RO         8049    i.lwip_cyclic_timer  timeouts.o
    0x08005190   0x08005190   0x0000001a   Code   RO         6855    i.lwip_htonl        def.o
    0x080051aa   0x080051aa   0x0000000c   Code   RO         6856    i.lwip_htons        def.o
    0x080051b6   0x080051b6   0x0000002a   Code   RO         7088    i.lwip_init         init.o
    0x080051e0   0x080051e0   0x00000002   Code   RO            6    i.lwip_netif_status_callback  main.o
    0x080051e2   0x080051e2   0x00000002   PAD
    0x080051e4   0x080051e4   0x0000003c   Code   RO          513    i.lwip_periodic_handle  netconf.o
    0x08005220   0x08005220   0x00000010   Code   RO          514    i.lwip_pkt_handle   netconf.o
    0x08005230   0x08005230   0x00000064   Code   RO          515    i.lwip_stack_init   netconf.o
    0x08005294   0x08005294   0x0000005e   Code   RO         7028    i.lwip_standard_chksum  inet_chksum.o
    0x080052f2   0x080052f2   0x00000040   Code   RO         6859    i.lwip_strnicmp     def.o
    0x08005332   0x08005332   0x00000002   PAD
    0x08005334   0x08005334   0x0000003c   Code   RO            7    i.main              main.o
    0x08005370   0x08005370   0x0000002e   Code   RO         7143    i.mem_calloc        mem.o
    0x0800539e   0x0800539e   0x00000002   PAD
    0x080053a0   0x080053a0   0x00000080   Code   RO         7144    i.mem_free          mem.o
    0x08005420   0x08005420   0x0000005c   Code   RO         7145    i.mem_init          mem.o
    0x0800547c   0x0800547c   0x00000058   Code   RO         7146    i.mem_link_valid    mem.o
    0x080054d4   0x080054d4   0x00000108   Code   RO         7147    i.mem_malloc        mem.o
    0x080055dc   0x080055dc   0x00000010   Code   RO         7148    i.mem_to_ptr        mem.o
    0x080055ec   0x080055ec   0x00000120   Code   RO         7149    i.mem_trim          mem.o
    0x0800570c   0x0800570c   0x00000028   Code   RO         7215    i.memp_free         memp.o
    0x08005734   0x08005734   0x00000020   Code   RO         7217    i.memp_init         memp.o
    0x08005754   0x08005754   0x0000002c   Code   RO         7218    i.memp_init_pool    memp.o
    0x08005780   0x08005780   0x00000024   Code   RO         7219    i.memp_malloc       memp.o
    0x080057a4   0x080057a4   0x000000f8   Code   RO         8270    i.netif_add         netif.o
    0x0800589c   0x0800589c   0x00000018   Code   RO         8272    i.netif_do_ip_addr_changed  netif.o
    0x080058b4   0x080058b4   0x00000026   Code   RO         8273    i.netif_do_set_gw   netif.o
    0x080058da   0x080058da   0x00000058   Code   RO         8274    i.netif_do_set_ipaddr  netif.o
    0x08005932   0x08005932   0x00000026   Code   RO         8275    i.netif_do_set_netmask  netif.o
    0x08005958   0x08005958   0x00000028   Code   RO         8277    i.netif_get_by_index  netif.o
    0x08005980   0x08005980   0x00000002   Code   RO         8279    i.netif_init        netif.o
    0x08005982   0x08005982   0x00000040   Code   RO         8281    i.netif_issue_reports  netif.o
    0x080059c2   0x080059c2   0x00000008   Code   RO         8283    i.netif_null_output_ip4  netif.o
    0x080059ca   0x080059ca   0x00000002   PAD
    0x080059cc   0x080059cc   0x00000060   Code   RO         8285    i.netif_set_addr    netif.o
    0x08005a2c   0x08005a2c   0x0000000c   Code   RO         8286    i.netif_set_default  netif.o
    0x08005a38   0x08005a38   0x00000006   Code   RO         8293    i.netif_set_status_callback  netif.o
    0x08005a3e   0x08005a3e   0x00000040   Code   RO         8294    i.netif_set_up      netif.o
    0x08005a7e   0x08005a7e   0x00000002   PAD
    0x08005a80   0x08005a80   0x00000044   Code   RO          678    i.ntp_dns_cbk       udp_ntp.o
    0x08005ac4   0x08005ac4   0x000000c4   Code   RO         3770    i.nvic_irq_enable   gd32f4xx_misc.o
    0x08005b88   0x08005b88   0x00000014   Code   RO         3771    i.nvic_priority_group_set  gd32f4xx_misc.o
    0x08005b9c   0x08005b9c   0x00000012   Code   RO         7303    i.pbuf_add_header   pbuf.o
    0x08005bae   0x08005bae   0x00000062   Code   RO         7305    i.pbuf_add_header_impl  pbuf.o
    0x08005c10   0x08005c10   0x00000130   Code   RO         7306    i.pbuf_alloc        pbuf.o
    0x08005d40   0x08005d40   0x00000034   Code   RO         7307    i.pbuf_alloc_reference  pbuf.o
    0x08005d74   0x08005d74   0x00000052   Code   RO         7308    i.pbuf_alloced_custom  pbuf.o
    0x08005dc6   0x08005dc6   0x00000038   Code   RO         7309    i.pbuf_cat          pbuf.o
    0x08005dfe   0x08005dfe   0x00000016   Code   RO         7310    i.pbuf_chain        pbuf.o
    0x08005e14   0x08005e14   0x00000012   Code   RO         7311    i.pbuf_clen         pbuf.o
    0x08005e26   0x08005e26   0x00000030   Code   RO         7312    i.pbuf_clone        pbuf.o
    0x08005e56   0x08005e56   0x000000b4   Code   RO         7314    i.pbuf_copy         pbuf.o
    0x08005f0a   0x08005f0a   0x00000080   Code   RO         7315    i.pbuf_copy_partial  pbuf.o
    0x08005f8a   0x08005f8a   0x0000008a   Code   RO         7317    i.pbuf_free         pbuf.o
    0x08006014   0x08006014   0x00000012   Code   RO         7322    i.pbuf_header_force  pbuf.o
    0x08006026   0x08006026   0x00000022   Code   RO         7323    i.pbuf_header_impl  pbuf.o
    0x08006048   0x08006048   0x0000001e   Code   RO         7324    i.pbuf_init_alloced_pbuf  pbuf.o
    0x08006066   0x08006066   0x0000002a   Code   RO         7327    i.pbuf_put_at       pbuf.o
    0x08006090   0x08006090   0x00000080   Code   RO         7328    i.pbuf_realloc      pbuf.o
    0x08006110   0x08006110   0x00000012   Code   RO         7329    i.pbuf_ref          pbuf.o
    0x08006122   0x08006122   0x00000042   Code   RO         7330    i.pbuf_remove_header  pbuf.o
    0x08006164   0x08006164   0x0000001c   Code   RO         7331    i.pbuf_skip         pbuf.o
    0x08006180   0x08006180   0x00000022   Code   RO         7332    i.pbuf_skip_const   pbuf.o
    0x080061a2   0x080061a2   0x00000080   Code   RO         7334    i.pbuf_take         pbuf.o
    0x08006222   0x08006222   0x0000007a   Code   RO         7335    i.pbuf_take_at      pbuf.o
    0x0800629c   0x0800629c   0x0000002e   Code   RO         7336    i.pbuf_try_get_at   pbuf.o
    0x080062ca   0x080062ca   0x00000002   PAD
    0x080062cc   0x080062cc   0x0000009c   Code   RO         7150    i.plug_holes        mem.o
    0x08006368   0x08006368   0x00000010   Code   RO         7151    i.ptr_to_mem        mem.o
    0x08006378   0x08006378   0x00000124   Code   RO         3975    i.rcu_clock_freq_get  gd32f4xx_rcu.o
    0x0800649c   0x0800649c   0x00000024   Code   RO         3994    i.rcu_periph_clock_enable  gd32f4xx_rcu.o
    0x080064c0   0x080064c0   0x00000024   Code   RO         3997    i.rcu_periph_reset_disable  gd32f4xx_rcu.o
    0x080064e4   0x080064e4   0x00000024   Code   RO         3998    i.rcu_periph_reset_enable  gd32f4xx_rcu.o
    0x08006508   0x08006508   0x0000000c   Code   RO          516    i.sys_now           netconf.o
    0x08006514   0x08006514   0x00000022   Code   RO         8052    i.sys_timeout       timeouts.o
    0x08006536   0x08006536   0x00000002   PAD
    0x08006538   0x08006538   0x00000090   Code   RO         8053    i.sys_timeout_abs   timeouts.o
    0x080065c8   0x080065c8   0x00000028   Code   RO         8054    i.sys_timeouts_init  timeouts.o
    0x080065f0   0x080065f0   0x00000018   Code   RO         5075    i.syscfg_enet_phy_interface_config  gd32f4xx_syscfg.o
    0x08006608   0x08006608   0x000000ac   Code   RO         5077    i.syscfg_exti_line_config  gd32f4xx_syscfg.o
    0x080066b4   0x080066b4   0x000000fc   Code   RO         8486    i.system_clock_200m_25m_hxtal  system_gd32f4xx.o
    0x080067b0   0x080067b0   0x00000008   Code   RO         8487    i.system_clock_config  system_gd32f4xx.o
    0x080067b8   0x080067b8   0x00000028   Code   RO         3775    i.systick_clksource_set  gd32f4xx_misc.o
    0x080067e0   0x080067e0   0x000000f8   Code   RO         7527    i.tcp_abandon       tcp.o
    0x080068d8   0x080068d8   0x0000000e   Code   RO         7528    i.tcp_abort         tcp.o
    0x080068e6   0x080068e6   0x00000002   PAD
    0x080068e8   0x080068e8   0x000000bc   Code   RO         7531    i.tcp_alloc         tcp.o
    0x080069a4   0x080069a4   0x00000006   Code   RO         7532    i.tcp_arg           tcp.o
    0x080069aa   0x080069aa   0x00000002   PAD
    0x080069ac   0x080069ac   0x000000b0   Code   RO         7533    i.tcp_bind          tcp.o
    0x08006a5c   0x08006a5c   0x00000030   Code   RO          611    i.tcp_client_connected  tcp_client.o
    0x08006a8c   0x08006a8c   0x00000068   Code   RO          612    i.tcp_client_init   tcp_client.o
    0x08006af4   0x08006af4   0x0000009c   Code   RO          613    i.tcp_client_recv   tcp_client.o
    0x08006b90   0x08006b90   0x0000002c   Code   RO         7535    i.tcp_close         tcp.o
    0x08006bbc   0x08006bbc   0x00000148   Code   RO         7536    i.tcp_close_shutdown  tcp.o
    0x08006d04   0x08006d04   0x00000070   Code   RO         7537    i.tcp_close_shutdown_fin  tcp.o
    0x08006d74   0x08006d74   0x00000164   Code   RO         7538    i.tcp_connect       tcp.o
    0x08006ed8   0x08006ed8   0x000000da   Code   RO         7902    i.tcp_create_segment  tcp_out.o
    0x08006fb2   0x08006fb2   0x00000034   Code   RO         7540    i.tcp_eff_send_mss_netif  tcp.o
    0x08006fe6   0x08006fe6   0x00000106   Code   RO         7903    i.tcp_enqueue_flags  tcp_out.o
    0x080070ec   0x080070ec   0x0000009c   Code   RO         7542    i.tcp_fasttmr       tcp.o
    0x08007188   0x08007188   0x00000012   Code   RO         7543    i.tcp_free          tcp.o
    0x0800719a   0x0800719a   0x00000002   PAD
    0x0800719c   0x0800719c   0x00000080   Code   RO         7833    i.tcp_free_acked_segments  tcp_in.o
    0x0800721c   0x0800721c   0x00000012   Code   RO         7544    i.tcp_free_listen   tcp.o
    0x0800722e   0x0800722e   0x00000002   PAD
    0x08007230   0x08007230   0x00000048   Code   RO         7834    i.tcp_get_next_optbyte  tcp_in.o
    0x08007278   0x08007278   0x00000034   Code   RO         7545    i.tcp_handle_closepend  tcp.o
    0x080072ac   0x080072ac   0x00000018   Code   RO         7546    i.tcp_init          tcp.o
    0x080072c4   0x080072c4   0x00000554   Code   RO         7835    i.tcp_input         tcp_in.o
    0x08007818   0x08007818   0x00000050   Code   RO         7836    i.tcp_input_delayed_close  tcp_in.o
    0x08007868   0x08007868   0x0000004a   Code   RO         7904    i.tcp_keepalive     tcp_out.o
    0x080078b2   0x080078b2   0x00000002   PAD
    0x080078b4   0x080078b4   0x00000068   Code   RO         7547    i.tcp_kill_prio     tcp.o
    0x0800791c   0x0800791c   0x0000004c   Code   RO         7548    i.tcp_kill_state    tcp.o
    0x08007968   0x08007968   0x0000003c   Code   RO         7549    i.tcp_kill_timewait  tcp.o
    0x080079a4   0x080079a4   0x0000002c   Code   RO         7550    i.tcp_listen_closed  tcp.o
    0x080079d0   0x080079d0   0x00000160   Code   RO         7837    i.tcp_listen_input  tcp_in.o
    0x08007b30   0x08007b30   0x0000004c   Code   RO         7553    i.tcp_netif_ip_addr_changed  tcp.o
    0x08007b7c   0x08007b7c   0x0000002e   Code   RO         7554    i.tcp_netif_ip_addr_changed_pcblist  tcp.o
    0x08007baa   0x08007baa   0x0000000a   Code   RO         7555    i.tcp_new           tcp.o
    0x08007bb4   0x08007bb4   0x00000068   Code   RO         7557    i.tcp_new_port      tcp.o
    0x08007c1c   0x08007c1c   0x00000024   Code   RO         7558    i.tcp_next_iss      tcp.o
    0x08007c40   0x08007c40   0x0000026c   Code   RO         7905    i.tcp_output        tcp_out.o
    0x08007eac   0x08007eac   0x00000040   Code   RO         7906    i.tcp_output_alloc_header  tcp_out.o
    0x08007eec   0x08007eec   0x0000007a   Code   RO         7907    i.tcp_output_alloc_header_common  tcp_out.o
    0x08007f66   0x08007f66   0x00000058   Code   RO         7908    i.tcp_output_control_segment  tcp_out.o
    0x08007fbe   0x08007fbe   0x0000001a   Code   RO         7909    i.tcp_output_fill_options  tcp_out.o
    0x08007fd8   0x08007fd8   0x000000dc   Code   RO         7910    i.tcp_output_segment  tcp_out.o
    0x080080b4   0x080080b4   0x00000016   Code   RO         7911    i.tcp_output_segment_busy  tcp_out.o
    0x080080ca   0x080080ca   0x00000002   PAD
    0x080080cc   0x080080cc   0x000000a4   Code   RO         7838    i.tcp_parseopt      tcp_in.o
    0x08008170   0x08008170   0x00000082   Code   RO         7912    i.tcp_pbuf_prealloc  tcp_out.o
    0x080081f2   0x080081f2   0x0000004a   Code   RO         7559    i.tcp_pcb_purge     tcp.o
    0x0800823c   0x0800823c   0x00000084   Code   RO         7560    i.tcp_pcb_remove    tcp.o
    0x080082c0   0x080082c0   0x000005d4   Code   RO         7839    i.tcp_process       tcp_in.o
    0x08008894   0x08008894   0x000000a2   Code   RO         7562    i.tcp_process_refused_data  tcp.o
    0x08008936   0x08008936   0x00000002   PAD
    0x08008938   0x08008938   0x000005e0   Code   RO         7840    i.tcp_receive       tcp_in.o
    0x08008f18   0x08008f18   0x0000000c   Code   RO         7563    i.tcp_recv          tcp.o
    0x08008f24   0x08008f24   0x0000003a   Code   RO         7564    i.tcp_recv_null     tcp.o
    0x08008f5e   0x08008f5e   0x0000005a   Code   RO         7565    i.tcp_recved        tcp.o
    0x08008fb8   0x08008fb8   0x0000001c   Code   RO         7566    i.tcp_remove_listener  tcp.o
    0x08008fd4   0x08008fd4   0x00000078   Code   RO         7913    i.tcp_rexmit        tcp_out.o
    0x0800904c   0x0800904c   0x00000078   Code   RO         7914    i.tcp_rexmit_fast   tcp_out.o
    0x080090c4   0x080090c4   0x00000018   Code   RO         7915    i.tcp_rexmit_rto    tcp_out.o
    0x080090dc   0x080090dc   0x00000022   Code   RO         7916    i.tcp_rexmit_rto_commit  tcp_out.o
    0x080090fe   0x080090fe   0x00000080   Code   RO         7917    i.tcp_rexmit_rto_prepare  tcp_out.o
    0x0800917e   0x0800917e   0x0000001e   Code   RO         7918    i.tcp_route         tcp_out.o
    0x0800919c   0x0800919c   0x00000064   Code   RO         7919    i.tcp_rst           tcp_out.o
    0x08009200   0x08009200   0x0000001a   Code   RO         7567    i.tcp_seg_free      tcp.o
    0x0800921a   0x0800921a   0x00000018   Code   RO         7568    i.tcp_segs_free     tcp.o
    0x08009232   0x08009232   0x000000ac   Code   RO         7920    i.tcp_send_empty_ack  tcp_out.o
    0x080092de   0x080092de   0x00000052   Code   RO         7921    i.tcp_send_fin      tcp_out.o
    0x08009330   0x08009330   0x000003dc   Code   RO         7572    i.tcp_slowtmr       tcp.o
    0x0800970c   0x0800970c   0x0000019e   Code   RO         7922    i.tcp_split_unsent_seg  tcp_out.o
    0x080098aa   0x080098aa   0x00000002   PAD
    0x080098ac   0x080098ac   0x00000038   Code   RO         8057    i.tcp_timer_needed  timeouts.o
    0x080098e4   0x080098e4   0x000000b0   Code   RO         7841    i.tcp_timewait_input  tcp_in.o
    0x08009994   0x08009994   0x00000024   Code   RO         7574    i.tcp_tmr           tcp.o
    0x080099b8   0x080099b8   0x00000014   Code   RO         7842    i.tcp_trigger_input_pcb_close  tcp_in.o
    0x080099cc   0x080099cc   0x00000052   Code   RO         7576    i.tcp_update_rcv_ann_wnd  tcp.o
    0x08009a1e   0x08009a1e   0x00000458   Code   RO         7923    i.tcp_write         tcp_out.o
    0x08009e76   0x08009e76   0x00000070   Code   RO         7924    i.tcp_write_checks  tcp_out.o
    0x08009ee6   0x08009ee6   0x000000d8   Code   RO         7925    i.tcp_zero_window_probe  tcp_out.o
    0x08009fbe   0x08009fbe   0x00000002   PAD
    0x08009fc0   0x08009fc0   0x00000038   Code   RO         8058    i.tcpip_tcp_timer   timeouts.o
    0x08009ff8   0x08009ff8   0x00000010   Code   RO            8    i.time_update       main.o
    0x0800a008   0x0800a008   0x000000a0   Code   RO         8125    i.udp_bind          udp.o
    0x0800a0a8   0x0800a0a8   0x0000007c   Code   RO         8127    i.udp_connect       udp.o
    0x0800a124   0x0800a124   0x00000020   Code   RO         8128    i.udp_disconnect    udp.o
    0x0800a144   0x0800a144   0x00000018   Code   RO         8129    i.udp_init          udp.o
    0x0800a15c   0x0800a15c   0x0000016c   Code   RO         8130    i.udp_input         udp.o
    0x0800a2c8   0x0800a2c8   0x00000068   Code   RO         8131    i.udp_input_local_match  udp.o
    0x0800a330   0x0800a330   0x00000030   Code   RO         8132    i.udp_netif_ip_addr_changed  udp.o
    0x0800a360   0x0800a360   0x0000001c   Code   RO         8133    i.udp_new           udp.o
    0x0800a37c   0x0800a37c   0x0000000e   Code   RO         8134    i.udp_new_ip_type   udp.o
    0x0800a38a   0x0800a38a   0x00000002   PAD
    0x0800a38c   0x0800a38c   0x00000058   Code   RO         8135    i.udp_new_port      udp.o
    0x0800a3e4   0x0800a3e4   0x0000014c   Code   RO          679    i.udp_ntp_calc_time  udp_ntp.o
    0x0800a530   0x0800a530   0x00000012   Code   RO          680    i.udp_ntp_disconnect  udp_ntp.o
    0x0800a542   0x0800a542   0x00000002   PAD
    0x0800a544   0x0800a544   0x00000028   Code   RO          681    i.udp_ntp_dns_get_ip  udp_ntp.o
    0x0800a56c   0x0800a56c   0x00000044   Code   RO          682    i.udp_ntp_get_time  udp_ntp.o
    0x0800a5b0   0x0800a5b0   0x000000f4   Code   RO          683    i.udp_ntp_init      udp_ntp.o
    0x0800a6a4   0x0800a6a4   0x0000006c   Code   RO          684    i.udp_ntp_message_init  udp_ntp.o
    0x0800a710   0x0800a710   0x000000d0   Code   RO          685    i.udp_ntp_recv_cbk  udp_ntp.o
    0x0800a7e0   0x0800a7e0   0x00000038   Code   RO          686    i.udp_ntp_send_message  udp_ntp.o
    0x0800a818   0x0800a818   0x00000010   Code   RO         8136    i.udp_recv          udp.o
    0x0800a828   0x0800a828   0x00000050   Code   RO         8137    i.udp_remove        udp.o
    0x0800a878   0x0800a878   0x0000002c   Code   RO         8138    i.udp_send          udp.o
    0x0800a8a4   0x0800a8a4   0x00000060   Code   RO         8139    i.udp_sendto        udp.o
    0x0800a904   0x0800a904   0x0000007a   Code   RO         8140    i.udp_sendto_if     udp.o
    0x0800a97e   0x0800a97e   0x0000010a   Code   RO         8141    i.udp_sendto_if_src  udp.o
    0x0800aa88   0x0800aa88   0x000000e8   Code   RO         5819    i.usart_baudrate_set  gd32f4xx_usart.o
    0x0800ab70   0x0800ab70   0x00000008   Code   RO         5824    i.usart_data_transmit  gd32f4xx_usart.o
    0x0800ab78   0x0800ab78   0x000000dc   Code   RO         5825    i.usart_deinit      gd32f4xx_usart.o
    0x0800ac54   0x0800ac54   0x0000000a   Code   RO         5829    i.usart_enable      gd32f4xx_usart.o
    0x0800ac5e   0x0800ac5e   0x0000001e   Code   RO         5831    i.usart_flag_get    gd32f4xx_usart.o
    0x0800ac7c   0x0800ac7c   0x00000010   Code   RO         5856    i.usart_receive_config  gd32f4xx_usart.o
    0x0800ac8c   0x0800ac8c   0x00000010   Code   RO         5871    i.usart_transmit_config  gd32f4xx_usart.o
    0x0800ac9c   0x0800ac9c   0x0000000c   Data   RO          688    .constdata          udp_ntp.o
    0x0800aca8   0x0800aca8   0x00000008   Data   RO         6713    .constdata          ip4_addr.o
    0x0800acb0   0x0800acb0   0x00000090   Data   RO         7222    .constdata          memp.o
    0x0800ad40   0x0800ad40   0x00000050   Data   RO         7577    .constdata          tcp.o
    0x0800ad90   0x0800ad90   0x00000034   Data   RO         8059    .constdata          timeouts.o
    0x0800adc4   0x0800adc4   0x0000000c   Data   RO         8245    .constdata          ethernet.o
    0x0800add0   0x0800add0   0x00000081   Data   RO         8595    .constdata          mc_w.l(ctype_o.o)
    0x0800ae51   0x0800ae51   0x00000003   PAD
    0x0800ae54   0x0800ae54   0x00000004   Data   RO         8596    .constdata          mc_w.l(ctype_o.o)
    0x0800ae58   0x0800ae58   0x00000075   Data   RO         7578    .conststring        tcp.o
    0x0800aecd   0x0800aecd   0x00000003   PAD
    0x0800aed0   0x0800aed0   0x00000020   Data   RO         8957    Region$$Table       anon$$obj.o


    Execution Region RW_IRAM1 (Exec base: 0x20000000, Load base: 0x0800aef0, Size: 0x00019b40, Max: 0x00030000, ABSOLUTE, COMPRESSED[0x0000004c])

    Exec Addr    Load Addr    Size         Type   Attr      Idx    E Section Name        Object

    0x20000000   COMPRESSED   0x00000008   Data   RW            9    .data               main.o
    0x20000008   COMPRESSED   0x00000004   Data   RW          409    .data               gd32f4xx_enet_eval.o
    0x2000000c   COMPRESSED   0x0000000c   Data   RW          518    .data               netconf.o
    0x20000018   COMPRESSED   0x0000000c   Data   RW          689    .data               udp_ntp.o
    0x20000024   COMPRESSED   0x00000014   Data   RW         2082    .data               gd32f4xx_enet.o
    0x20000038   COMPRESSED   0x00000010   Data   RW         6330    .data               dhcp.o
    0x20000048   COMPRESSED   0x00000001   Data   RW         6524    .data               etharp.o
    0x20000049   COMPRESSED   0x00000001   PAD
    0x2000004a   COMPRESSED   0x00000002   Data   RW         6653    .data               ip4.o
    0x2000004c   COMPRESSED   0x00000006   Data   RW         6779    .data               ip4_frag.o
    0x20000052   COMPRESSED   0x00000002   PAD
    0x20000054   COMPRESSED   0x0000000c   Data   RW         6919    .data               dns.o
    0x20000060   COMPRESSED   0x0000000c   Data   RW         7153    .data               mem.o
    0x2000006c   COMPRESSED   0x00000024   Data   RW         7223    .data               memp.o
    0x20000090   COMPRESSED   0x00000020   Data   RW         7579    .data               tcp.o
    0x200000b0   COMPRESSED   0x00000028   Data   RW         7844    .data               tcp_in.o
    0x200000d8   COMPRESSED   0x0000000c   Data   RW         8060    .data               timeouts.o
    0x200000e4   COMPRESSED   0x00000008   Data   RW         8142    .data               udp.o
    0x200000ec   COMPRESSED   0x00000009   Data   RW         8295    .data               netif.o
    0x200000f5   COMPRESSED   0x00000003   PAD
    0x200000f8   COMPRESSED   0x00000061   Data   RW         8533    .data               gd32f450z_eval.o
    0x20000159   COMPRESSED   0x00000003   PAD
    0x2000015c   COMPRESSED   0x00000004   Data   RW         8625    .data               mc_w.l(rand.o)
    0x20000160   COMPRESSED   0x00000004   Data   RW         8920    .data               mc_w.l(stdout.o)
    0x20000164        -       0x00000038   Zero   RW          517    .bss                netconf.o
    0x2000019c   COMPRESSED   0x00000004   PAD
    0x200001a0        -       0x00000880   Zero   RW          687    .bss                udp_ntp.o
    0x20000a20        -       0x00003c64   Zero   RW         2080    .bss                gd32f4xx_enet.o
    0x20004684        -       0x00000032   Zero   RW         6329    .bss                dhcp.o
    0x200046b6   COMPRESSED   0x00000002   PAD
    0x200046b8        -       0x000000f0   Zero   RW         6523    .bss                etharp.o
    0x200047a8        -       0x00000480   Zero   RW         6917    .bss                dns.o
    0x20004c28        -       0x00000018   Zero   RW         7127    .bss                ip.o
    0x20004c40        -       0x00005013   Zero   RW         7152    .bss                mem.o
    0x20009c53        -       0x0000fadb   Zero   RW         7221    .bss                memp.o
    0x2001972e   COMPRESSED   0x00000002   PAD
    0x20019730        -       0x00000010   Zero   RW         7843    .bss                tcp_in.o
    0x20019740        -       0x00000400   Zero   RW         8582    STACK               startup_gd32f450_470.o


==============================================================================

Image component sizes


      Code (inc. data)   RO Data    RW Data    ZI Data      Debug   Object Name

         0          0          0          0          0       2156   api_lib.o
       102          0          0          0          0       2318   def.o
      4774        182          0         16         50      32065   dhcp.o
      2698        114          0         12       1152      21343   dns.o
      2148         60          0          1        240      12392   etharp.o
       282          6         12          0          0       3046   ethernet.o
       408         28          0          0          0       5147   ethernetif.o
       312         50          0         97          0       2550   gd32f450z_eval.o
      2826        258          0         20      15460      20318   gd32f4xx_enet.o
       644         32          0          4          0      29550   gd32f4xx_enet_eval.o
       224         16          0          0          0       2430   gd32f4xx_exti.o
       238          0          0          0          0       2924   gd32f4xx_gpio.o
        66          0          0          0          0       5369   gd32f4xx_it.o
       256         20          0          0          0       2536   gd32f4xx_misc.o
       400         40          0          0          0       4340   gd32f4xx_rcu.o
       196         12          0          0          0       1733   gd32f4xx_syscfg.o
       532         18          0          0          0       5881   gd32f4xx_usart.o
         0          0          0          0          0      12799   hello_gigadevice.o
       558          6          0          0          0       5162   icmp.o
       180          0          0          0          0      10498   inet_chksum.o
        42          0          0          0          0        652   init.o
         0          0          0          0         24       7561   ip.o
       922         32          0          2          0       6416   ip4.o
       474          6          8          0          0      11689   ip4_addr.o
      1932         34          0          6          0      13466   ip4_frag.o
       114         16          0          8          0     110187   main.o
      1094         74          0         12      20499       9830   mem.o
       198         14        144         36      64219      10970   memp.o
       188         48          0         12         56       9478   netconf.o
       728         32          0          9          0      15665   netif.o
      1838          0          0          0          0      22015   pbuf.o
        36          8        428          0       1024       1020   startup_gd32f450_470.o
       460         30          0          0          0       2541   system_gd32f4xx.o
      4060        204        197         32          0      40828   tcp.o
       308         48          0          0          0       3042   tcp_client.o
      5352        358          0         40         16      22127   tcp_in.o
      4510         12          0          0          0      35298   tcp_out.o
       410         58         52         12          0       6733   timeouts.o
      1610         52          0          8          0      16380   udp.o
         0          0          0          0          0       5678   udp_echo.o
      1142        138         12         12       2176       7243   udp_ntp.o

    ----------------------------------------------------------------------
     42316       2006        888        348     104924     543376   Object Totals
         0          0         32          0          0          0   (incl. Generated)
        54          0          3          9          8          0   (incl. Padding)

    ----------------------------------------------------------------------

      Code (inc. data)   RO Data    RW Data    ZI Data      Debug   Library Member Name

        86          0          0          0          0          0   __dczerorl2.o
         8          4        133          0          0         68   ctype_o.o
         0          0          0          0          0          0   entry.o
         0          0          0          0          0          0   entry10a.o
         0          0          0          0          0          0   entry11a.o
         8          4          0          0          0          0   entry2.o
         4          0          0          0          0          0   entry5.o
         0          0          0          0          0          0   entry7b.o
         0          0          0          0          0          0   entry8b.o
         8          4          0          0          0          0   entry9a.o
        30          0          0          0          0          0   handlers.o
        36          8          0          0          0         68   init.o
        30          0          0          0          0         68   llshl.o
        32          0          0          0          0         68   llushr.o
        26          0          0          0          0         80   memcmp.o
        64          0          0          0          0         76   memmovea.o
        36          0          0          0          0        108   memseta.o
       866         14          0          0          0        352   printf6.o
        36         10          0          4          0        136   rand.o
         0          0          0          4          0          0   stdout.o
        14          0          0          0          0         68   strlen.o
        12          0          0          0          0         68   tolower.o
        44          0          0          0          0         80   uidiv.o
        98          0          0          0          0         92   uldiv.o

    ----------------------------------------------------------------------
      1444         44        136          8          0       1332   Library Totals
         6          0          3          0          0          0   (incl. Padding)

    ----------------------------------------------------------------------

      Code (inc. data)   RO Data    RW Data    ZI Data      Debug   Library Name

      1438         44        133          8          0       1332   mc_w.l

    ----------------------------------------------------------------------
      1444         44        136          8          0       1332   Library Totals

    ----------------------------------------------------------------------

==============================================================================


      Code (inc. data)   RO Data    RW Data    ZI Data      Debug   

     43760       2050       1024        356     104924     512920   Grand Totals
     43760       2050       1024         76     104924     512920   ELF Image Totals (compressed)
     43760       2050       1024         76          0          0   ROM Totals

==============================================================================

    Total RO  Size (Code + RO Data)                44784 (  43.73kB)
    Total RW  Size (RW Data + ZI Data)            105280 ( 102.81kB)
    Total ROM Size (Code + RO Data + RW Data)      44860 (  43.81kB)

==============================================================================

